Component: ARM Compiler 5.06 update 7 (build 960) Tool: armlink [4d3601]

==============================================================================

Section Cross References

    startup_stm32f103xe.o(RESET) refers to startup_stm32f103xe.o(STACK) for __initial_sp
    startup_stm32f103xe.o(RESET) refers to startup_stm32f103xe.o(.text) for Reset_Handler
    startup_stm32f103xe.o(RESET) refers to stm32f1xx_it.o(.text) for NMI_Handler
    startup_stm32f103xe.o(.text) refers to system_stm32f1xx.o(.text) for SystemInit
    startup_stm32f103xe.o(.text) refers to entry.o(.ARM.Collect$$$$00000000) for __main
    main.o(.text) refers to printf5.o(i.__0printf$5) for __2printf
    main.o(.text) refers to dev_config.o(.text) for DEV_Module_Init
    main.o(.text) refers to epd_3in6e.o(.text) for EPD_3IN6E_Init
    main.o(.text) refers to ff.o(.text) for f_open
    main.o(.text) refers to stm32f1xx_hal_gpio.o(.text) for HAL_GPIO_WritePin
    main.o(.text) refers to stm32f1xx_hal.o(.text) for HAL_Delay
    main.o(.text) refers to memseta.o(.text) for __aeabi_memclr4
    main.o(.text) refers to stm32f1xx_hal_rcc.o(.text) for HAL_RCC_OscConfig
    main.o(.text) refers to stm32f1xx_hal_rcc_ex.o(.text) for HAL_RCCEx_PeriphCLKConfig
    main.o(.text) refers to gpio.o(.text) for MX_GPIO_Init
    main.o(.text) refers to usart.o(.text) for MX_USART1_UART_Init
    main.o(.text) refers to spi.o(.text) for MX_SPI1_Init
    main.o(.text) refers to fatfs.o(.text) for MX_FATFS_Init
    main.o(.text) refers to w25q64.o(.text) for W25Q64_ReadID
    main.o(.text) refers to usb_device.o(.text) for MX_USB_DEVICE_Init
    main.o(.text) refers to printf5.o(i.__0sprintf$5) for __2sprintf
    main.o(.text) refers to main.o(.bss) for .bss
    main.o(.text) refers to main.o(.data) for .data
    gpio.o(.text) refers to stm32f1xx_hal_gpio.o(.text) for HAL_GPIO_WritePin
    user_diskio.o(.text) refers to w25q64.o(.text) for W25Q64_ReadID
    user_diskio.o(.data) refers to user_diskio.o(.text) for USER_initialize
    fatfs.o(.text) refers to ff_gen_drv.o(.text) for FATFS_LinkDriver
    fatfs.o(.text) refers to fatfs.o(.data) for .data
    fatfs.o(.text) refers to user_diskio.o(.data) for USER_Driver
    spi.o(.text) refers to stm32f1xx_hal_spi.o(.text) for HAL_SPI_Init
    spi.o(.text) refers to main.o(.text) for Error_Handler
    spi.o(.text) refers to stm32f1xx_hal_gpio.o(.text) for HAL_GPIO_Init
    spi.o(.text) refers to spi.o(.bss) for .bss
    usart.o(.text) refers to stm32f1xx_hal_uart.o(.text) for HAL_UART_Init
    usart.o(.text) refers to main.o(.text) for Error_Handler
    usart.o(.text) refers to stm32f1xx_hal_gpio.o(.text) for HAL_GPIO_Init
    usart.o(.text) refers to usart.o(.bss) for .bss
    usb_device.o(.text) refers to usbd_core.o(.text) for USBD_Init
    usb_device.o(.text) refers to main.o(.text) for Error_Handler
    usb_device.o(.text) refers to usbd_msc.o(.text) for USBD_MSC_RegisterStorage
    usb_device.o(.text) refers to usbd_desc.o(.data) for FS_Desc
    usb_device.o(.text) refers to usb_device.o(.bss) for .bss
    usb_device.o(.text) refers to usbd_msc.o(.data) for USBD_MSC
    usb_device.o(.text) refers to usbd_storage_if.o(.data) for USBD_Storage_Interface_fops_FS
    usbd_conf.o(.text) refers to stm32f1xx_hal_cortex.o(.text) for HAL_NVIC_SetPriority
    usbd_conf.o(.text) refers to usbd_core.o(.text) for USBD_LL_SetupStage
    usbd_conf.o(.text) refers to main.o(.text) for Error_Handler
    usbd_conf.o(.text) refers to stm32f1xx_hal_pcd.o(.text) for HAL_PCD_Init
    usbd_conf.o(.text) refers to stm32f1xx_hal_pcd_ex.o(.text) for HAL_PCDEx_PMAConfig
    usbd_conf.o(.text) refers to stm32f1xx_hal.o(.text) for HAL_Delay
    usbd_conf.o(.text) refers to usbd_conf.o(.bss) for .bss
    usbd_desc.o(.text) refers to usbd_ctlreq.o(.text) for USBD_GetString
    usbd_desc.o(.text) refers to usbd_desc.o(.data) for .data
    usbd_desc.o(.text) refers to usbd_desc.o(.bss) for .bss
    usbd_desc.o(.data) refers to usbd_desc.o(.text) for USBD_FS_DeviceDescriptor
    usbd_storage_if.o(.text) refers to w25q64.o(.text) for W25Q64_ReadData
    usbd_storage_if.o(.text) refers to usbd_storage_if.o(.bss) for .bss
    usbd_storage_if.o(.data) refers to usbd_storage_if.o(.text) for STORAGE_Init_FS
    usbd_storage_if.o(.data) refers to usbd_storage_if.o(.constdata) for STORAGE_Inquirydata_FS
    stm32f1xx_it.o(.text) refers to printf5.o(i.__0printf$5) for __2printf
    stm32f1xx_it.o(.text) refers to stm32f1xx_hal.o(.text) for HAL_IncTick
    stm32f1xx_it.o(.text) refers to stm32f1xx_hal_pcd.o(.text) for HAL_PCD_IRQHandler
    stm32f1xx_it.o(.text) refers to usbd_conf.o(.bss) for hpcd_USB_FS
    epd_3in6e_test.o(.text) refers to printf5.o(i.__0printf$5) for __2printf
    epd_3in6e_test.o(.text) refers to dev_config.o(.text) for DEV_Module_Init
    epd_3in6e_test.o(.text) refers to epd_3in6e.o(.text) for EPD_3IN6E_Init
    epd_3in6e_test.o(.text) refers to stm32f1xx_hal.o(.text) for HAL_Delay
[...]
    .text                                    0x08000a84   Section        0  usbd_conf.o(.text)
    USBD_Get_USB_Status                      0x08000cfb   Thumb Code    24  usbd_conf.o(.text)
    .text                                    0x08000d28   Section        0  usbd_desc.o(.text)
    IntToUnicode                             0x08000d5b   Thumb Code    54  usbd_desc.o(.text)
    .text                                    0x08000e34   Section        0  usbd_storage_if.o(.text)
    STORAGE_Init_FS                          0x08000e35   Thumb Code     4  usbd_storage_if.o(.text)
    STORAGE_GetCapacity_FS                   0x08000e39   Thumb Code    16  usbd_storage_if.o(.text)
    STORAGE_IsReady_FS                       0x08000e49   Thumb Code     4  usbd_storage_if.o(.text)
    STORAGE_IsWriteProtected_FS              0x08000e4d   Thumb Code     4  usbd_storage_if.o(.text)
    STORAGE_Read_FS                          0x08000e51   Thumb Code    16  usbd_storage_if.o(.text)
    STORAGE_Write_FS                         0x08000e61   Thumb Code    90  usbd_storage_if.o(.text)
    STORAGE_GetMaxLun_FS                     0x08000ebb   Thumb Code     4  usbd_storage_if.o(.text)
    .text                                    0x08000ec4   Section        0  stm32f1xx_it.o(.text)
    .text                                    0x08000f04   Section        0  stm32f1xx_hal_msp.o(.text)
    .text                                    0x08000f40   Section        0  epd_3in6e.o(.text)
    EPD_3IN6E_ReadBusyH                      0x08000f41   Thumb Code    46  epd_3in6e.o(.text)
    EPD_3IN6E_TurnOnDisplay                  0x08000f6f   Thumb Code    88  epd_3in6e.o(.text)
    EPD_3IN6E_SendCommand                    0x08001393   Thumb Code    46  epd_3in6e.o(.text)
    EPD_3IN6E_SendData                       0x080013c1   Thumb Code    46  epd_3in6e.o(.text)
    .text                                    0x080013f4   Section        0  dev_config.o(.text)
    .text                                    0x08001594   Section        0  system_stm32f1xx.o(.text)
    .text                                    0x08001658   Section        0  stm32f1xx_hal_pcd.o(.text)
    HAL_PCD_EP_DB_Transmit                   0x080017f9   Thumb Code   974  stm32f1xx_hal_pcd.o(.text)
    HAL_PCD_EP_DB_Receive                    0x08001bc9   Thumb Code   290  stm32f1xx_hal_pcd.o(.text)
    PCD_EP_ISR_Handler                       0x08001ced   Thumb Code  1032  stm32f1xx_hal_pcd.o(.text)
    .text                                    0x0800251c   Section        0  stm32f1xx_hal_pcd_ex.o(.text)
    .text                                    0x0800255e   Section        0  stm32f1xx_ll_usb.o(.text)
    .text                                    0x080032a0   Section        0  stm32f1xx_hal.o(.text)
    .text                                    0x08003428   Section        0  stm32f1xx_hal_rcc.o(.text)
    RCC_Delay                                0x08003523   Thumb Code    32  stm32f1xx_hal_rcc.o(.text)
    .text                                    0x08003cc8   Section        0  stm32f1xx_hal_rcc_ex.o(.text)
    .text                                    0x08003f04   Section        0  stm32f1xx_hal_gpio.o(.text)
    .text                                    0x080042d8   Section        0  stm32f1xx_hal_dma.o(.text)
    DMA_SetConfig                            0x080043e7   Thumb Code    56  stm32f1xx_hal_dma.o(.text)
    .text                                    0x08004f20   Section        0  stm32f1xx_hal_cortex.o(.text)
    .text                                    0x08005144   Section        0  stm32f1xx_hal_spi.o(.text)
    SPI_WaitFlagStateUntilTimeout            0x0800522d   Thumb Code   210  stm32f1xx_hal_spi.o(.text)
    SPI_EndRxTxTransaction                   0x080052ff   Thumb Code    68  stm32f1xx_hal_spi.o(.text)
    SPI_EndRxTransaction                     0x080054f1   Thumb Code   112  stm32f1xx_hal_spi.o(.text)
    SPI_CloseTx_ISR                          0x080058fb   Thumb Code   130  stm32f1xx_hal_spi.o(.text)
    SPI_TxISR_8BIT                           0x0800597d   Thumb Code    30  stm32f1xx_hal_spi.o(.text)
    SPI_TxISR_16BIT                          0x0800599b   Thumb Code    30  stm32f1xx_hal_spi.o(.text)
    SPI_CloseRx_ISR                          0x08005a49   Thumb Code    76  stm32f1xx_hal_spi.o(.text)
    SPI_RxISR_8BIT                           0x08005a95   Thumb Code    30  stm32f1xx_hal_spi.o(.text)
    SPI_RxISR_16BIT                          0x08005ab3   Thumb Code    30  stm32f1xx_hal_spi.o(.text)
    SPI_CloseRxTx_ISR                        0x08005ad3   Thumb Code   158  stm32f1xx_hal_spi.o(.text)
    SPI_2linesTxISR_8BIT                     0x08005b71   Thumb Code    46  stm32f1xx_hal_spi.o(.text)
    SPI_2linesRxISR_8BIT                     0x08005b9f   Thumb Code    46  stm32f1xx_hal_spi.o(.text)
    SPI_2linesTxISR_16BIT                    0x08005bcd   Thumb Code    46  stm32f1xx_hal_spi.o(.text)
    SPI_2linesRxISR_16BIT                    0x08005bfb   Thumb Code    46  stm32f1xx_hal_spi.o(.text)
    SPI_DMAError                             0x08005da5   Thumb Code    34  stm32f1xx_hal_spi.o(.text)
    SPI_DMATransmitCplt                      0x08005dc7   Thumb Code   102  stm32f1xx_hal_spi.o(.text)
    SPI_DMAHalfTransmitCplt                  0x08005e2f   Thumb Code    10  stm32f1xx_hal_spi.o(.text)
    SPI_DMAReceiveCplt                       0x08005f01   Thumb Code   110  stm32f1xx_hal_spi.o(.text)
    SPI_DMAHalfReceiveCplt                   0x08005f71   Thumb Code    10  stm32f1xx_hal_spi.o(.text)
    SPI_DMATransmitReceiveCplt               0x08005f7b   Thumb Code    92  stm32f1xx_hal_spi.o(.text)
    SPI_DMAHalfTransmitReceiveCplt           0x08005fd9   Thumb Code    10  stm32f1xx_hal_spi.o(.text)
    SPI_AbortRx_ISR                          0x08006215   Thumb Code    88  stm32f1xx_hal_spi.o(.text)
    SPI_AbortTx_ISR                          0x0800626d   Thumb Code    28  stm32f1xx_hal_spi.o(.text)
    SPI_DMARxAbortCallback                   0x080063ad   Thumb Code    98  stm32f1xx_hal_spi.o(.text)
    SPI_DMATxAbortCallback                   0x0800640f   Thumb Code   114  stm32f1xx_hal_spi.o(.text)
    SPI_DMAAbortOnError                      0x08006659   Thumb Code    16  stm32f1xx_hal_spi.o(.text)
    .text                                    0x08006770   Section        0  stm32f1xx_hal_uart.o(.text)
    UART_SetConfig                           0x08006771   Thumb Code   194  stm32f1xx_hal_uart.o(.text)
    UART_EndRxTransfer                       0x08006a5d   Thumb Code    78  stm32f1xx_hal_uart.o(.text)
    UART_WaitOnFlagUntilTimeout              0x08006aab   Thumb Code   142  stm32f1xx_hal_uart.o(.text)
    UART_EndTxTransfer                       0x08006d39   Thumb Code    28  stm32f1xx_hal_uart.o(.text)
    UART_DMAError                            0x08006d55   Thumb Code    74  stm32f1xx_hal_uart.o(.text)
    UART_DMATxHalfCplt                       0x08006da1   Thumb Code    10  stm32f1xx_hal_uart.o(.text)
    UART_DMATransmitCplt                     0x08006dad   Thumb Code    68  stm32f1xx_hal_uart.o(.text)
    UART_DMARxHalfCplt                       0x08006e7b   Thumb Code    30  stm32f1xx_hal_uart.o(.text)
    UART_DMAReceiveCplt                      0x08006e9b   Thumb Code   144  stm32f1xx_hal_uart.o(.text)
    UART_DMARxAbortCallback                  0x080074dd   Thumb Code    46  stm32f1xx_hal_uart.o(.text)
    UART_DMATxAbortCallback                  0x0800750b   Thumb Code    46  stm32f1xx_hal_uart.o(.text)
    UART_DMATxOnlyAbortCallback              0x08007633   Thumb Code    20  stm32f1xx_hal_uart.o(.text)
    UART_DMARxOnlyAbortCallback              0x080076bb   Thumb Code    22  stm32f1xx_hal_uart.o(.text)
    UART_EndTransmit_IT                      0x08007777   Thumb Code    26  stm32f1xx_hal_uart.o(.text)
    UART_Transmit_IT                         0x08007791   Thumb Code    94  stm32f1xx_hal_uart.o(.text)
    UART_DMAAbortOnError                     0x080077ef   Thumb Code    16  stm32f1xx_hal_uart.o(.text)
    UART_Receive_IT                          0x080077ff   Thumb Code   202  stm32f1xx_hal_uart.o(.text)
    .text                                    0x08007c70   Section        0  w25q64.o(.text)
    W25Q64_CS_LOW                            0x08007e0b   Thumb Code    12  w25q64.o(.text)
    W25Q64_CS_HIGH                           0x08007e17   Thumb Code    10  w25q64.o(.text)
    .text                                    0x08007e28   Section        0  usbd_core.o(.text)
    .text                                    0x08008150   Section        0  usbd_ctlreq.o(.text)
    USBD_ClrFeature                          0x08008169   Thumb Code    36  usbd_ctlreq.o(.text)
    USBD_SetFeature                          0x0800818d   Thumb Code    16  usbd_ctlreq.o(.text)
    USBD_GetStatus                           0x0800819d   Thumb Code    50  usbd_ctlreq.o(.text)
    USBD_GetConfig                           0x080081cf   Thumb Code    48  usbd_ctlreq.o(.text)
    USBD_SetConfig                           0x080081ff   Thumb Code   192  usbd_ctlreq.o(.text)
    USBD_SetAddress                          0x080082bf   Thumb Code    84  usbd_ctlreq.o(.text)
    USBD_GetDescriptor                       0x08008313   Thumb Code   426  usbd_ctlreq.o(.text)
    USBD_GetLen                              0x080087c5   Thumb Code    24  usbd_ctlreq.o(.text)
    .text                                    0x08008820   Section        0  usbd_ioreq.o(.text)
    .text                                    0x080088a8   Section        0  usbd_msc.o(.text)
    .text                                    0x08008b34   Section        0  usbd_msc_bot.o(.text)
    MSC_BOT_Abort                            0x08008c0d   Thumb Code    68  usbd_msc_bot.o(.text)
    MSC_BOT_SendData                         0x08008c51   Thumb Code    58  usbd_msc_bot.o(.text)
    MSC_BOT_CBW_Decode                       0x08008c8b   Thumb Code   170  usbd_msc_bot.o(.text)
    .text                                    0x08008da0   Section        0  usbd_msc_scsi.o(.text)
    SCSI_CheckAddressRange                   0x08008dd5   Thumb Code    34  usbd_msc_scsi.o(.text)
    SCSI_Verify10                            0x08008df7   Thumb Code    56  usbd_msc_scsi.o(.text)
    SCSI_ProcessWrite                        0x08008e2f   Thumb Code   170  usbd_msc_scsi.o(.text)
    SCSI_Write10                             0x08008ed9   Thumb Code   256  usbd_msc_scsi.o(.text)
    SCSI_ProcessRead                         0x08008fd9   Thumb Code   152  usbd_msc_scsi.o(.text)
    SCSI_Read10                              0x08009071   Thumb Code   202  usbd_msc_scsi.o(.text)
    SCSI_ReadCapacity10                      0x0800913b   Thumb Code    90  usbd_msc_scsi.o(.text)
    SCSI_ReadFormatCapacity                  0x08009195   Thumb Code   112  usbd_msc_scsi.o(.text)
    SCSI_ModeSense10                         0x08009205   Thumb Code    32  usbd_msc_scsi.o(.text)
    SCSI_ModeSense6                          0x08009225   Thumb Code    30  usbd_msc_scsi.o(.text)
    SCSI_StartStopUnit                       0x08009243   Thumb Code    12  usbd_msc_scsi.o(.text)
    SCSI_Inquiry                             0x0800924f   Thumb Code    92  usbd_msc_scsi.o(.text)
    SCSI_RequestSense                        0x080092ab   Thumb Code   104  usbd_msc_scsi.o(.text)
    SCSI_TestUnitReady                       0x08009313   Thumb Code    76  usbd_msc_scsi.o(.text)
    .text                                    0x08009400   Section        0  diskio.o(.text)
    .text                                    0x08009490   Section        0  ff.o(.text)
    mem_cpy                                  0x08009491   Thumb Code    18  ff.o(.text)
    mem_set                                  0x080094a3   Thumb Code    16  ff.o(.text)
    mem_cmp                                  0x080094b3   Thumb Code    24  ff.o(.text)
    chk_chr                                  0x080094cb   Thumb Code    16  ff.o(.text)
    chk_lock                                 0x080094db   Thumb Code   120  ff.o(.text)
    enq_lock                                 0x08009553   Thumb Code    36  ff.o(.text)
    inc_lock                                 0x08009577   Thumb Code   174  ff.o(.text)
    dec_lock                                 0x08009625   Thumb Code    50  ff.o(.text)
    clear_lock                               0x08009657   Thumb Code    34  ff.o(.text)
    sync_window                              0x08009679   Thumb Code   100  ff.o(.text)
    move_window                              0x080096dd   Thumb Code    56  ff.o(.text)
    sync_fs                                  0x08009715   Thumb Code   186  ff.o(.text)
    remove_chain                             0x080099d9   Thumb Code   116  ff.o(.text)
    create_chain                             0x08009a4d   Thumb Code   198  ff.o(.text)
    clmt_clust                               0x08009b13   Thumb Code    46  ff.o(.text)
    dir_sdi                                  0x08009b41   Thumb Code   174  ff.o(.text)
    dir_next                                 0x08009bef   Thumb Code   354  ff.o(.text)
    dir_alloc                                0x08009d51   Thumb Code    74  ff.o(.text)
    ld_clust                                 0x08009d9b   Thumb Code    32  ff.o(.text)
    st_clust                                 0x08009dbb   Thumb Code    16  ff.o(.text)
    dir_find                                 0x08009dcb   Thumb Code    84  ff.o(.text)
    dir_read                                 0x08009e1f   Thumb Code   114  ff.o(.text)
    dir_register                             0x08009e91   Thumb Code    72  ff.o(.text)
    dir_remove                               0x08009ed9   Thumb Code    68  ff.o(.text)
    get_fileinfo                             0x08009f1d   Thumb Code   126  ff.o(.text)
    create_name                              0x08009f9b   Thumb Code   264  ff.o(.text)
    follow_path                              0x0800a0a3   Thumb Code   130  ff.o(.text)
    get_ldnumber                             0x0800a125   Thumb Code    78  ff.o(.text)
    check_fs                                 0x0800a173   Thumb Code   138  ff.o(.text)
    find_volume                              0x0800a1fd   Thumb Code   918  ff.o(.text)
    validate                                 0x0800a593   Thumb Code    52  ff.o(.text)
    putc_bfd                                 0x0800bd0b   Thumb Code    72  ff.o(.text)
    .text                                    0x0800c054   Section        0  ff_gen_drv.o(.text)
    .text                                    0x0800c0dc   Section        0  llushr.o(.text)
    .text                                    0x0800c0fc   Section        0  memseta.o(.text)
    .text                                    0x0800c120   Section        0  uldiv.o(.text)
    .text                                    0x0800c182   Section        0  llshl.o(.text)
    .text                                    0x0800c1a0   Section       36  init.o(.text)
    .text                                    0x0800c1c4   Section        0  __dczerorl2.o(.text)
    i.__0printf$5                            0x0800c21c   Section        0  printf5.o(i.__0printf$5)
    i.__0sprintf$5                           0x0800c23c   Section        0  printf5.o(i.__0sprintf$5)
    i.__scatterload_copy                     0x0800c264   Section       14  handlers.o(i.__scatterload_copy)
    i.__scatterload_null                     0x0800c272   Section        2  handlers.o(i.__scatterload_null)
    i.__scatterload_zeroinit                 0x0800c274   Section       14  handlers.o(i.__scatterload_zeroinit)
    i._printf_core                           0x0800c284   Section        0  printf5.o(i._printf_core)
    _printf_core                             0x0800c285   Thumb Code   660  printf5.o(i._printf_core)
    i._sputc                                 0x0800c544   Section        0  printf5.o(i._sputc)
    _sputc                                   0x0800c545   Thumb Code    10  printf5.o(i._sputc)
    .constdata                               0x0800c54e   Section       36  usbd_storage_if.o(.constdata)
    .constdata                               0x0800c572   Section       16  system_stm32f1xx.o(.constdata)
    .constdata                               0x0800c582   Section        8  system_stm32f1xx.o(.constdata)
    .constdata                               0x0800c58a   Section       18  stm32f1xx_hal_rcc.o(.constdata)
    aPredivFactorTable                       0x0800c58a   Data           2  stm32f1xx_hal_rcc.o(.constdata)
    aPLLMULFactorTable                       0x0800c58c   Data          16  stm32f1xx_hal_rcc.o(.constdata)
    .constdata                               0x0800c59c   Section       18  stm32f1xx_hal_rcc_ex.o(.constdata)
    aPredivFactorTable                       0x0800c59c   Data           2  stm32f1xx_hal_rcc_ex.o(.constdata)
    aPLLMULFactorTable                       0x0800c59e   Data          16  stm32f1xx_hal_rcc_ex.o(.constdata)
    .constdata                               0x0800c5ae   Section        7  usbd_msc_data.o(.constdata)
    .constdata                               0x0800c5b5   Section        8  usbd_msc_data.o(.constdata)
    .constdata                               0x0800c5bd   Section        8  usbd_msc_data.o(.constdata)
    .constdata                               0x0800c5c6   Section      172  ff.o(.constdata)
    ExCvt                                    0x0800c5c6   Data         128  ff.o(.constdata)
    vst                                      0x0800c646   Data          22  ff.o(.constdata)
    cst                                      0x0800c65c   Data          22  ff.o(.constdata)
    .data                                    0x20000000   Section       12  main.o(.data)
    key_released                             0x20000000   Data           1  main.o(.data)
    last_click_time                          0x20000008   Data           4  main.o(.data)
    .data                                    0x2000000c   Section       20  user_diskio.o(.data)
    .data                                    0x20000020   Section        5  fatfs.o(.data)
    .data                                    0x20000028   Section       28  usbd_desc.o(.data)
    .data                                    0x20000044   Section       50  usbd_desc.o(.data)
    .data                                    0x20000078   Section       32  usbd_storage_if.o(.data)
    .data                                    0x20000098   Section        4  system_stm32f1xx.o(.data)
    .data                                    0x2000009c   Section       12  stm32f1xx_hal.o(.data)
    .data                                    0x200000a8   Section        1  usbd_ctlreq.o(.data)
    cfgidx                                   0x200000a8   Data           1  usbd_ctlreq.o(.data)
    .data                                    0x200000ac   Section       56  usbd_msc.o(.data)
    .data                                    0x200000e4   Section      106  usbd_msc.o(.data)
    .data                                    0x20000150   Section        8  ff.o(.data)
    Fsid                                     0x20000150   Data           2  ff.o(.data)
    FatFs                                    0x20000154   Data           4  ff.o(.data)
    .data                                    0x20000158   Section        4  stdout.o(.data)
    .bss                                     0x2000015c   Section     4096  main.o(.bss)
    .bss                                     0x2000115c   Section      176  spi.o(.bss)
    .bss                                     0x2000120c   Section       72  usart.o(.bss)
    .bss                                     0x20001254   Section      708  usb_device.o(.bss)
    .bss                                     0x20001518   Section     1352  usbd_conf.o(.bss)
    mem                                      0x20001518   Data         624  usbd_conf.o(.bss)
    .bss                                     0x20001a60   Section      512  usbd_desc.o(.bss)
    .bss                                     0x20001c60   Section     4096  usbd_storage_if.o(.bss)
    SectorBuf                                0x20001c60   Data        4096  usbd_storage_if.o(.bss)
    .bss                                     0x20002c60   Section       24  ff.o(.bss)
    Files                                    0x20002c60   Data          24  ff.o(.bss)
    .bss                                     0x20002c78   Section       12  ff_gen_drv.o(.bss)
    STACK                                    0x20002c88   Section     4096  startup_stm32f103xe.o(STACK)

    Global Symbols

    Symbol Name                              Value     Ov Type        Size  Object(Section)

    BuildAttributes$$THM_ISAv4$P$D$K$B$S$PE$A:L22UL41UL21$X:L11$S22US41US21$IEEE1$IW$USESV6$~STKCKD$USESV7$~SHL$OTIME$ROPI$EBA8$MICROLIB$REQ8$PRES8$EABIv2 0x00000000   Number         0  anon$$obj.o ABSOLUTE
    __ARM_use_no_argv                        0x00000000   Number         0  main.o ABSOLUTE
    _printf_a                                0x00000000   Number         0  stubs.o ABSOLUTE
    _printf_c                                0x00000000   Number         0  stubs.o ABSOLUTE
    _printf_charcount                        0x00000000   Number         0  stubs.o ABSOLUTE
    _printf_d                                0x00000000   Number         0  stubs.o ABSOLUTE
    _printf_e                                0x00000000   Number         0  stubs.o ABSOLUTE
    _printf_f                                0x00000000   Number         0  stubs.o ABSOLUTE
    _printf_flags                            0x00000000   Number         0  stubs.o ABSOLUTE
    _printf_fp_dec                           0x00000000   Number         0  stubs.o ABSOLUTE
    _printf_fp_hex                           0x00000000   Number         0  stubs.o ABSOLUTE
    _printf_g                                0x00000000   Number         0  stubs.o ABSOLUTE
    _printf_i                                0x00000000   Number         0  stubs.o ABSOLUTE
    _printf_int_dec                          0x00000000   Number         0  stubs.o ABSOLUTE
    _printf_l                                0x00000000   Number         0  stubs.o ABSOLUTE
    _printf_lc                               0x00000000   Number         0  stubs.o ABSOLUTE
    _printf_ll                               0x00000000   Number         0  stubs.o ABSOLUTE
    _printf_lld                              0x00000000   Number         0  stubs.o ABSOLUTE
    _printf_lli                              0x00000000   Number         0  stubs.o ABSOLUTE
    _printf_llo                              0x00000000   Number         0  stubs.o ABSOLUTE
    _printf_llu                              0x00000000   Number         0  stubs.o ABSOLUTE
    _printf_llx                              0x00000000   Number         0  stubs.o ABSOLUTE
    _printf_longlong_dec                     0x00000000   Number         0  stubs.o ABSOLUTE
    _printf_longlong_hex                     0x00000000   Number         0  stubs.o ABSOLUTE
    _printf_longlong_oct                     0x00000000   Number         0  stubs.o ABSOLUTE
    _printf_ls                               0x00000000   Number         0  stubs.o ABSOLUTE
    _printf_mbtowc                           0x00000000   Number         0  stubs.o ABSOLUTE
    _printf_n                                0x00000000   Number         0  stubs.o ABSOLUTE
    _printf_o                                0x00000000   Number         0  stubs.o ABSOLUTE
    _printf_p                                0x00000000   Number         0  stubs.o ABSOLUTE
    _printf_percent                          0x00000000   Number         0  stubs.o ABSOLUTE
    _printf_pre_padding                      0x00000000   Number         0  stubs.o ABSOLUTE
    _printf_return_value                     0x00000000   Number         0  stubs.o ABSOLUTE
    _printf_s                                0x00000000   Number         0  stubs.o ABSOLUTE
    _printf_sizespec                         0x00000000   Number         0  stubs.o ABSOLUTE
    _printf_str                              0x00000000   Number         0  stubs.o ABSOLUTE
    _printf_truncate_signed                  0x00000000   Number         0  stubs.o ABSOLUTE
    _printf_truncate_unsigned                0x00000000   Number         0  stubs.o ABSOLUTE
    _printf_u                                0x00000000   Number         0  stubs.o ABSOLUTE
    _printf_wc                               0x00000000   Number         0  stubs.o ABSOLUTE
    _printf_wctomb                           0x00000000   Number         0  stubs.o ABSOLUTE
    _printf_widthprec                        0x00000000   Number         0  stubs.o ABSOLUTE
    _printf_x                                0x00000000   Number         0  stubs.o ABSOLUTE
    __arm_fini_                               - Undefined Weak Reference
    __cpp_initialize__aeabi_                  - Undefined Weak Reference
    __cxa_finalize                            - Undefined Weak Reference
    _clock_init                               - Undefined Weak Reference
    _microlib_exit                            - Undefined Weak Reference
    __Vectors_Size                           0x00000130   Number         0  startup_stm32f103xe.o ABSOLUTE
    __Vectors                                0x08000000   Data           4  startup_stm32f103xe.o(RESET)
    __Vectors_End                            0x08000130   Data           0  startup_stm32f103xe.o(RESET)
    __main                                   0x08000131   Thumb Code     0  entry.o(.ARM.Collect$$$$00000000)
    _main_stk                                0x08000131   Thumb Code     0  entry2.o(.ARM.Collect$$$$00000001)
    _main_scatterload                        0x08000135   Thumb Code     0  entry5.o(.ARM.Collect$$$$00000004)
    __main_after_scatterload                 0x08000139   Thumb Code     0  entry5.o(.ARM.Collect$$$$00000004)
    _main_clock                              0x08000139   Thumb Code     0  entry7b.o(.ARM.Collect$$$$00000008)
    _main_cpp_init                           0x08000139   Thumb Code     0  entry8b.o(.ARM.Collect$$$$0000000A)
    _main_init                               0x08000139   Thumb Code     0  entry9a.o(.ARM.Collect$$$$0000000B)
    __rt_lib_shutdown_fini                   0x08000141   Thumb Code     0  entry12b.o(.ARM.Collect$$$$0000000E)
    __rt_final_cpp                           0x08000145   Thumb Code     0  entry10a.o(.ARM.Collect$$$$0000000F)
    __rt_final_exit                          0x08000145   Thumb Code     0  entry11a.o(.ARM.Collect$$$$00000011)
    Reset_Handler                            0x08000149   Thumb Code     8  startup_stm32f103xe.o(.text)
    ADC1_2_IRQHandler                        0x08000163   Thumb Code     0  startup_stm32f103xe.o(.text)
    ADC3_IRQHandler                          0x08000163   Thumb Code     0  startup_stm32f103xe.o(.text)
    CAN1_RX1_IRQHandler                      0x08000163   Thumb Code     0  startup_stm32f103xe.o(.text)
    CAN1_SCE_IRQHandler                      0x08000163   Thumb Code     0  startup_stm32f103xe.o(.text)
    DMA1_Channel1_IRQHandler                 0x08000163   Thumb Code     0  startup_stm32f103xe.o(.text)
    DMA1_Channel2_IRQHandler                 0x08000163   Thumb Code     0  startup_stm32f103xe.o(.text)
    DMA1_Channel3_IRQHandler                 0x08000163   Thumb Code     0  startup_stm32f103xe.o(.text)
    DMA1_Channel4_IRQHandler                 0x08000163   Thumb Code     0  startup_stm32f103xe.o(.text)
    DMA1_Channel5_IRQHandler                 0x08000163   Thumb Code     0  startup_stm32f103xe.o(.text)
    DMA1_Channel6_IRQHandler                 0x08000163   Thumb Code     0  startup_stm32f103xe.o(.text)
    DMA1_Channel7_IRQHandler                 0x08000163   Thumb Code     0  startup_stm32f103xe.o(.text)
    DMA2_Channel1_IRQHandler                 0x08000163   Thumb Code     0  startup_stm32f103xe.o(.text)
    DMA2_Channel2_IRQHandler                 0x08000163   Thumb Code     0  startup_stm32f103xe.o(.text)
    DMA2_Channel3_IRQHandler                 0x08000163   Thumb Code     0  startup_stm32f103xe.o(.text)
    DMA2_Channel4_5_IRQHandler               0x08000163   Thumb Code     0  startup_stm32f103xe.o(.text)
    EXTI0_IRQHandler                         0x08000163   Thumb Code     0  startup_stm32f103xe.o(.text)
    EXTI15_10_IRQHandler                     0x08000163   Thumb Code     0  startup_stm32f103xe.o(.text)
    EXTI1_IRQHandler                         0x08000163   Thumb Code     0  startup_stm32f103xe.o(.text)
    EXTI2_IRQHandler                         0x08000163   Thumb Code     0  startup_stm32f103xe.o(.text)
    EXTI3_IRQHandler                         0x08000163   Thumb Code     0  startup_stm32f103xe.o(.text)
    EXTI4_IRQHandler                         0x08000163   Thumb Code     0  startup_stm32f103xe.o(.text)
    EXTI9_5_IRQHandler                       0x08000163   Thumb Code     0  startup_stm32f103xe.o(.text)
    FLASH_IRQHandler                         0x08000163   Thumb Code     0  startup_stm32f103xe.o(.text)
    FSMC_IRQHandler                          0x08000163   Thumb Code     0  startup_stm32f103xe.o(.text)
    I2C1_ER_IRQHandler                       0x08000163   Thumb Code     0  startup_stm32f103xe.o(.text)
    I2C1_EV_IRQHandler                       0x08000163   Thumb Code     0  startup_stm32f103xe.o(.text)
    I2C2_ER_IRQHandler                       0x08000163   Thumb Code     0  startup_stm32f103xe.o(.text)
    I2C2_EV_IRQHandler                       0x08000163   Thumb Code     0  startup_stm32f103xe.o(.text)
    PVD_IRQHandler                           0x08000163   Thumb Code     0  startup_stm32f103xe.o(.text)
    RCC_IRQHandler                           0x08000163   Thumb Code     0  startup_stm32f103xe.o(.text)
    RTC_Alarm_IRQHandler                     0x08000163   Thumb Code     0  startup_stm32f103xe.o(.text)
    RTC_IRQHandler                           0x08000163   Thumb Code     0  startup_stm32f103xe.o(.text)
    SDIO_IRQHandler                          0x08000163   Thumb Code     0  startup_stm32f103xe.o(.text)
    SPI1_IRQHandler                          0x08000163   Thumb Code     0  startup_stm32f103xe.o(.text)
    SPI2_IRQHandler                          0x08000163   Thumb Code     0  startup_stm32f103xe.o(.text)
    SPI3_IRQHandler                          0x08000163   Thumb Code     0  startup_stm32f103xe.o(.text)
    TAMPER_IRQHandler                        0x08000163   Thumb Code     0  startup_stm32f103xe.o(.text)
    TIM1_BRK_IRQHandler                      0x08000163   Thumb Code     0  startup_stm32f103xe.o(.text)
    TIM1_CC_IRQHandler                       0x08000163   Thumb Code     0  startup_stm32f103xe.o(.text)
    TIM1_TRG_COM_IRQHandler                  0x08000163   Thumb Code     0  startup_stm32f103xe.o(.text)
    TIM1_UP_IRQHandler                       0x08000163   Thumb Code     0  startup_stm32f103xe.o(.text)
    TIM2_IRQHandler                          0x08000163   Thumb Code     0  startup_stm32f103xe.o(.text)
    TIM3_IRQHandler                          0x08000163   Thumb Code     0  startup_stm32f103xe.o(.text)
    TIM4_IRQHandler                          0x08000163   Thumb Code     0  startup_stm32f103xe.o(.text)
    TIM5_IRQHandler                          0x08000163   Thumb Code     0  startup_stm32f103xe.o(.text)
    TIM6_IRQHandler                          0x08000163   Thumb Code     0  startup_stm32f103xe.o(.text)
    TIM7_IRQHandler                          0x08000163   Thumb Code     0  startup_stm32f103xe.o(.text)
    TIM8_BRK_IRQHandler                      0x08000163   Thumb Code     0  startup_stm32f103xe.o(.text)
    TIM8_CC_IRQHandler                       0x08000163   Thumb Code     0  startup_stm32f103xe.o(.text)
    TIM8_TRG_COM_IRQHandler                  0x08000163   Thumb Code     0  startup_stm32f103xe.o(.text)
    TIM8_UP_IRQHandler                       0x08000163   Thumb Code     0  startup_stm32f103xe.o(.text)
    UART4_IRQHandler                         0x08000163   Thumb Code     0  startup_stm32f103xe.o(.text)
    UART5_IRQHandler                         0x08000163   Thumb Code     0  startup_stm32f103xe.o(.text)
    USART1_IRQHandler                        0x08000163   Thumb Code     0  startup_stm32f103xe.o(.text)
    USART2_IRQHandler                        0x08000163   Thumb Code     0  startup_stm32f103xe.o(.text)
    USART3_IRQHandler                        0x08000163   Thumb Code     0  startup_stm32f103xe.o(.text)
    USBWakeUp_IRQHandler                     0x08000163   Thumb Code     0  startup_stm32f103xe.o(.text)
    WWDG_IRQHandler                          0x08000163   Thumb Code     0  startup_stm32f103xe.o(.text)
    EPD_Show_File                            0x0800016d   Thumb Code   222  main.o(.text)
    Check_Double_Click                       0x0800024b   Thumb Code    60  main.o(.text)
    Error_Handler                            0x08000287   Thumb Code     8  main.o(.text)
    SystemClock_Config                       0x0800028f   Thumb Code   110  main.o(.text)
    main                                     0x080002fd   Thumb Code   272  main.o(.text)
    MX_GPIO_Init                             0x0800068d   Thumb Code   224  gpio.o(.text)
    USER_initialize                          0x08000781   Thumb Code    20  user_diskio.o(.text)
    USER_status                              0x08000795   Thumb Code     4  user_diskio.o(.text)
    USER_read                                0x08000799   Thumb Code    16  user_diskio.o(.text)
    USER_write                               0x080007a9   Thumb Code     4  user_diskio.o(.text)
    USER_ioctl                               0x080007ad   Thumb Code    38  user_diskio.o(.text)
    MX_FATFS_Init                            0x080007d9   Thumb Code    18  fatfs.o(.text)
    get_fattime                              0x080007eb   Thumb Code     4  fatfs.o(.text)
    MX_SPI1_Init                             0x080007f9   Thumb Code    62  spi.o(.text)
    MX_SPI2_Init                             0x08000837   Thumb Code    62  spi.o(.text)
    HAL_SPI_MspInit                          0x08000875   Thumb Code   154  spi.o(.text)
    HAL_SPI_MspDeInit                        0x0800090f   Thumb Code    48  spi.o(.text)
    MX_USART1_UART_Init                      0x08000959   Thumb Code    48  usart.o(.text)
    HAL_UART_MspInit                         0x08000989   Thumb Code   100  usart.o(.text)
    HAL_UART_MspDeInit                       0x080009ed   Thumb Code    30  usart.o(.text)
    fputc                                    0x08000a0b   Thumb Code    20  usart.o(.text)
    MX_USB_DEVICE_Init                       0x08000a31   Thumb Code    66  usb_device.o(.text)
    HAL_PCD_MspInit                          0x08000a85   Thumb Code    66  usbd_conf.o(.text)
    HAL_PCD_MspDeInit                        0x08000ac7   Thumb Code    38  usbd_conf.o(.text)
    HAL_PCD_SetupStageCallback               0x08000aed   Thumb Code    14  usbd_conf.o(.text)
    HAL_PCD_DataOutStageCallback             0x08000afb   Thumb Code    20  usbd_conf.o(.text)
    HAL_PCD_DataInStageCallback              0x08000b0f   Thumb Code    18  usbd_conf.o(.text)
    HAL_PCD_SOFCallback                      0x08000b21   Thumb Code     8  usbd_conf.o(.text)
    HAL_PCD_ResetCallback                    0x08000b29   Thumb Code    38  usbd_conf.o(.text)
    HAL_PCD_SuspendCallback                  0x08000b4f   Thumb Code    30  usbd_conf.o(.text)
    HAL_PCD_ResumeCallback                   0x08000b6d   Thumb Code     8  usbd_conf.o(.text)
    HAL_PCD_ISOOUTIncompleteCallback         0x08000b75   Thumb Code     8  usbd_conf.o(.text)
    HAL_PCD_ISOINIncompleteCallback          0x08000b7d   Thumb Code     8  usbd_conf.o(.text)
    HAL_PCD_ConnectCallback                  0x08000b85   Thumb Code     8  usbd_conf.o(.text)
    HAL_PCD_DisconnectCallback               0x08000b8d   Thumb Code     8  usbd_conf.o(.text)
    USBD_LL_Init                             0x08000b95   Thumb Code   104  usbd_conf.o(.text)
    USBD_LL_DeInit                           0x08000bfd   Thumb Code    18  usbd_conf.o(.text)
    USBD_LL_Start                            0x08000c0f   Thumb Code    18  usbd_conf.o(.text)
    USBD_LL_Stop                             0x08000c21   Thumb Code    18  usbd_conf.o(.text)
    USBD_LL_OpenEP                           0x08000c33   Thumb Code    24  usbd_conf.o(.text)
    USBD_LL_CloseEP                          0x08000c4b   Thumb Code    18  usbd_conf.o(.text)
    USBD_LL_FlushEP                          0x08000c5d   Thumb Code    18  usbd_conf.o(.text)
    USBD_LL_StallEP                          0x08000c6f   Thumb Code    18  usbd_conf.o(.text)
    USBD_LL_ClearStallEP                     0x08000c81   Thumb Code    18  usbd_conf.o(.text)
    USBD_LL_IsStallEP                        0x08000c93   Thumb Code    30  usbd_conf.o(.text)
    USBD_LL_SetUSBAddress                    0x08000cb1   Thumb Code    18  usbd_conf.o(.text)
    USBD_LL_Transmit                         0x08000cc3   Thumb Code    18  usbd_conf.o(.text)
    USBD_LL_PrepareReceive                   0x08000cd5   Thumb Code    18  usbd_conf.o(.text)
    USBD_LL_GetRxDataSize                    0x08000ce7   Thumb Code     8  usbd_conf.o(.text)
    USBD_LL_Delay                            0x08000cef   Thumb Code     4  usbd_conf.o(.text)
    USBD_static_malloc                       0x08000cf3   Thumb Code     4  usbd_conf.o(.text)
    USBD_static_free                         0x08000cf7   Thumb Code     2  usbd_conf.o(.text)
    HAL_PCDEx_SetConnectionState             0x08000cf9   Thumb Code     2  usbd_conf.o(.text)
    USBD_FS_DeviceDescriptor                 0x08000d29   Thumb Code     8  usbd_desc.o(.text)
    USBD_FS_LangIDStrDescriptor              0x08000d31   Thumb Code    10  usbd_desc.o(.text)
    USBD_FS_ProductStrDescriptor             0x08000d3b   Thumb Code    16  usbd_desc.o(.text)
    USBD_FS_ManufacturerStrDescriptor        0x08000d4b   Thumb Code    16  usbd_desc.o(.text)
    USBD_FS_SerialStrDescriptor              0x08000d91   Thumb Code    50  usbd_desc.o(.text)
    USBD_FS_ConfigStrDescriptor              0x08000dc3   Thumb Code    16  usbd_desc.o(.text)
    USBD_FS_InterfaceStrDescriptor           0x08000dd3   Thumb Code    16  usbd_desc.o(.text)
    NMI_Handler                              0x08000ec5   Thumb Code     2  stm32f1xx_it.o(.text)
    HardFault_Handler                        0x08000ec7   Thumb Code     8  stm32f1xx_it.o(.text)
    MemManage_Handler                        0x08000ecf   Thumb Code     2  stm32f1xx_it.o(.text)
    BusFault_Handler                         0x08000ed1   Thumb Code     2  stm32f1xx_it.o(.text)
    UsageFault_Handler                       0x08000ed3   Thumb Code     2  stm32f1xx_it.o(.text)
    SVC_Handler                              0x08000ed5   Thumb Code     2  stm32f1xx_it.o(.text)
    DebugMon_Handler                         0x08000ed7   Thumb Code     2  stm32f1xx_it.o(.text)
    PendSV_Handler                           0x08000ed9   Thumb Code     2  stm32f1xx_it.o(.text)
    SysTick_Handler                          0x08000edb   Thumb Code     4  stm32f1xx_it.o(.text)
    USB_HP_CAN1_TX_IRQHandler                0x08000edf   Thumb Code     6  stm32f1xx_it.o(.text)
    USB_LP_CAN1_RX0_IRQHandler               0x08000ee5   Thumb Code     6  stm32f1xx_it.o(.text)
    HAL_MspInit                              0x08000f05   Thumb Code    52  stm32f1xx_hal_msp.o(.text)
    EPD_3IN6E_Init                           0x08000fc7   Thumb Code   356  epd_3in6e.o(.text)
    EPD_3IN6E_Clear                          0x0800112b   Thumb Code    54  epd_3in6e.o(.text)
    EPD_3IN6E_Show7Block                     0x08001161   Thumb Code    62  epd_3in6e.o(.text)
    EPD_3IN6E_Show                           0x0800119f   Thumb Code   170  epd_3in6e.o(.text)
    EPD_3IN6E_Display                        0x08001249   Thumb Code    60  epd_3in6e.o(.text)
    EPD_3IN6E_DisplayPart                    0x08001285   Thumb Code   112  epd_3in6e.o(.text)
    EPD_3IN6E_Sleep                          0x080012f5   Thumb Code    18  epd_3in6e.o(.text)
    EPD_3IN6E_Write_Command                  0x08001307   Thumb Code     4  epd_3in6e.o(.text)
    EPD_3IN6E_Write_Data                     0x0800130b   Thumb Code    74  epd_3in6e.o(.text)
    EPD_3IN6E_Write_Data_Block               0x08001355   Thumb Code    60  epd_3in6e.o(.text)
    EPD_3IN6E_Refresh                        0x08001391   Thumb Code     2  epd_3in6e.o(.text)
    DEV_SPI_WriteByte                        0x080013f5   Thumb Code    18  dev_config.o(.text)
    DEV_SPI_Write_nByte                      0x08001407   Thumb Code    14  dev_config.o(.text)
    DEV_GPIO_Mode                            0x08001415   Thumb Code    40  dev_config.o(.text)
    DEV_GPIO_Init                            0x0800143d   Thumb Code     6  dev_config.o(.text)
    DEV_SPI_Init                             0x08001443   Thumb Code     6  dev_config.o(.text)
    DEV_SPI_SendData                         0x08001449   Thumb Code   112  dev_config.o(.text)
    DEV_SPI_ReadData                         0x080014b9   Thumb Code   114  dev_config.o(.text)
    DEV_Module_Init                          0x0800152b   Thumb Code    48  dev_config.o(.text)
    DEV_Module_Exit                          0x0800155b   Thumb Code    48  dev_config.o(.text)
    SystemInit                               0x08001595   Thumb Code    60  system_stm32f1xx.o(.text)
    SystemCoreClockUpdate                    0x080015d1   Thumb Code   108  system_stm32f1xx.o(.text)
    HAL_PCD_Init                             0x0800165b   Thumb Code   220  stm32f1xx_hal_pcd.o(.text)
    HAL_PCD_DeInit                           0x08001739   Thumb Code    44  stm32f1xx_hal_pcd.o(.text)
    HAL_PCD_Start                            0x08001765   Thumb Code    50  stm32f1xx_hal_pcd.o(.text)
    HAL_PCD_Stop                             0x08001797   Thumb Code    50  stm32f1xx_hal_pcd.o(.text)
    HAL_PCD_SetAddress                       0x080017cf   Thumb Code    38  stm32f1xx_hal_pcd.o(.text)
    HAL_PCD_IRQHandler                       0x080020f5   Thumb Code   378  stm32f1xx_hal_pcd.o(.text)
    HAL_PCD_WKUP_IRQHandler                  0x0800226f   Thumb Code    10  stm32f1xx_hal_pcd.o(.text)
    HAL_PCD_DevConnect                       0x08002281   Thumb Code    44  stm32f1xx_hal_pcd.o(.text)
    HAL_PCD_DevDisconnect                    0x080022ad   Thumb Code    44  stm32f1xx_hal_pcd.o(.text)
    HAL_PCD_EP_Open                          0x080022d9   Thumb Code    86  stm32f1xx_hal_pcd.o(.text)
    HAL_PCD_EP_Close                         0x0800232f   Thumb Code    74  stm32f1xx_hal_pcd.o(.text)
    HAL_PCD_EP_Receive                       0x08002379   Thumb Code    42  stm32f1xx_hal_pcd.o(.text)
    HAL_PCD_EP_GetRxCount                    0x080023a3   Thumb Code    18  stm32f1xx_hal_pcd.o(.text)
    HAL_PCD_EP_Transmit                      0x080023b5   Thumb Code    46  stm32f1xx_hal_pcd.o(.text)
    HAL_PCD_EP_SetStall                      0x080023e3   Thumb Code   114  stm32f1xx_hal_pcd.o(.text)
    HAL_PCD_EP_ClrStall                      0x08002455   Thumb Code    90  stm32f1xx_hal_pcd.o(.text)
    HAL_PCD_EP_Abort                         0x080024af   Thumb Code    32  stm32f1xx_hal_pcd.o(.text)
    HAL_PCD_EP_Flush                         0x080024cf   Thumb Code    54  stm32f1xx_hal_pcd.o(.text)
    HAL_PCD_ActivateRemoteWakeup             0x08002505   Thumb Code     6  stm32f1xx_hal_pcd.o(.text)
    HAL_PCD_DeActivateRemoteWakeup           0x0800250b   Thumb Code     6  stm32f1xx_hal_pcd.o(.text)
    HAL_PCD_GetState                         0x08002511   Thumb Code     6  stm32f1xx_hal_pcd.o(.text)
    HAL_PCDEx_PMAConfig                      0x0800251d   Thumb Code    60  stm32f1xx_hal_pcd_ex.o(.text)
    HAL_PCDEx_LPM_Callback                   0x0800255b   Thumb Code     2  stm32f1xx_hal_pcd_ex.o(.text)
    HAL_PCDEx_BCD_Callback                   0x0800255d   Thumb Code     2  stm32f1xx_hal_pcd_ex.o(.text)
    USB_CoreInit                             0x0800255f   Thumb Code     4  stm32f1xx_ll_usb.o(.text)
    USB_EnableGlobalInt                      0x08002563   Thumb Code    18  stm32f1xx_ll_usb.o(.text)
    USB_DisableGlobalInt                     0x08002575   Thumb Code    16  stm32f1xx_ll_usb.o(.text)
    USB_SetCurrentMode                       0x08002585   Thumb Code     4  stm32f1xx_ll_usb.o(.text)
    USB_DevInit                              0x08002589   Thumb Code    24  stm32f1xx_ll_usb.o(.text)
    USB_FlushTxFifo                          0x080025a1   Thumb Code     4  stm32f1xx_ll_usb.o(.text)
    USB_FlushRxFifo                          0x080025a5   Thumb Code     4  stm32f1xx_ll_usb.o(.text)
    USB_ActivateEndpoint                     0x080025a9   Thumb Code   820  stm32f1xx_ll_usb.o(.text)
    USB_DeactivateEndpoint                   0x080028dd   Thumb Code   388  stm32f1xx_ll_usb.o(.text)
    USB_WritePMA                             0x08002a61   Thumb Code    40  stm32f1xx_ll_usb.o(.text)
    USB_EPStartXfer                          0x08002a89   Thumb Code  1558  stm32f1xx_ll_usb.o(.text)
    USB_EPSetStall                           0x0800309f   Thumb Code    62  stm32f1xx_ll_usb.o(.text)
    USB_EPClearStall                         0x080030dd   Thumb Code   154  stm32f1xx_ll_usb.o(.text)
    USB_EPStopXfer                           0x08003177   Thumb Code   132  stm32f1xx_ll_usb.o(.text)
    USB_StopDevice                           0x080031fb   Thumb Code    22  stm32f1xx_ll_usb.o(.text)
    USB_SetDevAddress                        0x08003211   Thumb Code    14  stm32f1xx_ll_usb.o(.text)
    USB_DevConnect                           0x0800321f   Thumb Code     4  stm32f1xx_ll_usb.o(.text)
    USB_DevDisconnect                        0x08003223   Thumb Code     4  stm32f1xx_ll_usb.o(.text)
    USB_ReadInterrupts                       0x08003227   Thumb Code     6  stm32f1xx_ll_usb.o(.text)
    USB_ReadDevAllOutEpInterrupt             0x0800322d   Thumb Code     4  stm32f1xx_ll_usb.o(.text)
    USB_ReadDevAllInEpInterrupt              0x08003231   Thumb Code     4  stm32f1xx_ll_usb.o(.text)
    USB_ReadDevOutEPInterrupt                0x08003235   Thumb Code     4  stm32f1xx_ll_usb.o(.text)
    USB_ReadDevInEPInterrupt                 0x08003239   Thumb Code     4  stm32f1xx_ll_usb.o(.text)
    USB_ClearInterrupts                      0x0800323d   Thumb Code     2  stm32f1xx_ll_usb.o(.text)
    USB_EP0_OutStart                         0x0800323f   Thumb Code     4  stm32f1xx_ll_usb.o(.text)
    USB_ActivateRemoteWakeup                 0x08003243   Thumb Code    16  stm32f1xx_ll_usb.o(.text)
    USB_DeActivateRemoteWakeup               0x08003253   Thumb Code    16  stm32f1xx_ll_usb.o(.text)
    USB_ReadPMA                              0x08003263   Thumb Code    60  stm32f1xx_ll_usb.o(.text)
    HAL_InitTick                             0x080032a3   Thumb Code    58  stm32f1xx_hal.o(.text)
    HAL_Init                                 0x080032dd   Thumb Code    32  stm32f1xx_hal.o(.text)
    HAL_MspDeInit                            0x080032fd   Thumb Code     2  stm32f1xx_hal.o(.text)
    HAL_DeInit                               0x080032ff   Thumb Code    26  stm32f1xx_hal.o(.text)
    HAL_IncTick                              0x08003319   Thumb Code    12  stm32f1xx_hal.o(.text)
    HAL_GetTick                              0x08003325   Thumb Code     6  stm32f1xx_hal.o(.text)
    HAL_GetTickPrio                          0x0800332b   Thumb Code     6  stm32f1xx_hal.o(.text)
    HAL_SetTickFreq                          0x08003331   Thumb Code    30  stm32f1xx_hal.o(.text)
    HAL_GetTickFreq                          0x0800334f   Thumb Code     6  stm32f1xx_hal.o(.text)
    HAL_Delay                                0x08003355   Thumb Code    34  stm32f1xx_hal.o(.text)
    HAL_SuspendTick                          0x08003377   Thumb Code    14  stm32f1xx_hal.o(.text)
    HAL_ResumeTick                           0x08003385   Thumb Code    14  stm32f1xx_hal.o(.text)
    HAL_GetHalVersion                        0x08003393   Thumb Code     4  stm32f1xx_hal.o(.text)
    HAL_GetREVID                             0x08003397   Thumb Code     8  stm32f1xx_hal.o(.text)
    HAL_GetDEVID                             0x0800339f   Thumb Code    10  stm32f1xx_hal.o(.text)
    HAL_GetUIDw0                             0x080033a9   Thumb Code     6  stm32f1xx_hal.o(.text)
    HAL_GetUIDw1                             0x080033af   Thumb Code     6  stm32f1xx_hal.o(.text)
    HAL_GetUIDw2                             0x080033b5   Thumb Code     6  stm32f1xx_hal.o(.text)
    HAL_DBGMCU_EnableDBGSleepMode            0x080033bb   Thumb Code    12  stm32f1xx_hal.o(.text)
    HAL_DBGMCU_DisableDBGSleepMode           0x080033c7   Thumb Code    12  stm32f1xx_hal.o(.text)
    HAL_DBGMCU_EnableDBGStopMode             0x080033d3   Thumb Code    12  stm32f1xx_hal.o(.text)
    HAL_DBGMCU_DisableDBGStopMode            0x080033df   Thumb Code    12  stm32f1xx_hal.o(.text)
    HAL_DBGMCU_EnableDBGStandbyMode          0x080033eb   Thumb Code    12  stm32f1xx_hal.o(.text)
    HAL_DBGMCU_DisableDBGStandbyMode         0x080033f7   Thumb Code    12  stm32f1xx_hal.o(.text)
    HAL_RCC_DeInit                           0x08003429   Thumb Code   250  stm32f1xx_hal_rcc.o(.text)
    HAL_RCC_OscConfig                        0x08003543   Thumb Code  1080  stm32f1xx_hal_rcc.o(.text)
    HAL_RCC_GetSysClockFreq                  0x0800397b   Thumb Code    58  stm32f1xx_hal_rcc.o(.text)
    HAL_RCC_ClockConfig                      0x080039b5   Thumb Code   364  stm32f1xx_hal_rcc.o(.text)
    HAL_RCC_MCOConfig                        0x08003b21   Thumb Code    64  stm32f1xx_hal_rcc.o(.text)
    HAL_RCC_EnableCSS                        0x08003b61   Thumb Code     8  stm32f1xx_hal_rcc.o(.text)
    HAL_RCC_DisableCSS                       0x08003b69   Thumb Code     8  stm32f1xx_hal_rcc.o(.text)
    HAL_RCC_GetHCLKFreq                      0x08003b71   Thumb Code     6  stm32f1xx_hal_rcc.o(.text)
    HAL_RCC_GetPCLK1Freq                     0x08003b77   Thumb Code    22  stm32f1xx_hal_rcc.o(.text)
    HAL_RCC_GetPCLK2Freq                     0x08003b8d   Thumb Code    22  stm32f1xx_hal_rcc.o(.text)
    HAL_RCC_GetOscConfig                     0x08003ba3   Thumb Code   168  stm32f1xx_hal_rcc.o(.text)
    HAL_RCC_GetClockConfig                   0x08003c4b   Thumb Code    52  stm32f1xx_hal_rcc.o(.text)
    HAL_RCC_CSSCallback                      0x08003c7f   Thumb Code     2  stm32f1xx_hal_rcc.o(.text)
    HAL_RCC_NMI_IRQHandler                   0x08003c81   Thumb Code    22  stm32f1xx_hal_rcc.o(.text)
    HAL_RCCEx_PeriphCLKConfig                0x08003cc9   Thumb Code   290  stm32f1xx_hal_rcc_ex.o(.text)
    HAL_RCCEx_GetPeriphCLKConfig             0x08003deb   Thumb Code    46  stm32f1xx_hal_rcc_ex.o(.text)
    HAL_RCCEx_GetPeriphCLKFreq               0x08003e19   Thumb Code   202  stm32f1xx_hal_rcc_ex.o(.text)
    HAL_GPIO_Init                            0x08003f05   Thumb Code   524  stm32f1xx_hal_gpio.o(.text)
    HAL_GPIO_DeInit                          0x08004111   Thumb Code   324  stm32f1xx_hal_gpio.o(.text)
    HAL_GPIO_ReadPin                         0x08004255   Thumb Code    14  stm32f1xx_hal_gpio.o(.text)
    HAL_GPIO_WritePin                        0x08004263   Thumb Code    14  stm32f1xx_hal_gpio.o(.text)
    HAL_GPIO_TogglePin                       0x08004271   Thumb Code    16  stm32f1xx_hal_gpio.o(.text)
    HAL_GPIO_LockPin                         0x08004281   Thumb Code    42  stm32f1xx_hal_gpio.o(.text)
    HAL_GPIO_EXTI_Callback                   0x080042ab   Thumb Code     2  stm32f1xx_hal_gpio.o(.text)
    HAL_GPIO_EXTI_IRQHandler                 0x080042ad   Thumb Code    18  stm32f1xx_hal_gpio.o(.text)
    HAL_DMA_Init                             0x080042d9   Thumb Code   144  stm32f1xx_hal_dma.o(.text)
    HAL_DMA_DeInit                           0x08004369   Thumb Code   126  stm32f1xx_hal_dma.o(.text)
    HAL_DMA_Start                            0x0800441f   Thumb Code    88  stm32f1xx_hal_dma.o(.text)
    HAL_DMA_Start_IT                         0x08004477   Thumb Code   124  stm32f1xx_hal_dma.o(.text)
    HAL_DMA_Abort                            0x080044f3   Thumb Code    72  stm32f1xx_hal_dma.o(.text)
    HAL_DMA_Abort_IT                         0x0800453b   Thumb Code   318  stm32f1xx_hal_dma.o(.text)
    HAL_DMA_PollForTransfer                  0x08004679   Thumb Code  1316  stm32f1xx_hal_dma.o(.text)
    HAL_DMA_IRQHandler                       0x08004b9d   Thumb Code   672  stm32f1xx_hal_dma.o(.text)
    HAL_DMA_RegisterCallback                 0x08004e3d   Thumb Code    80  stm32f1xx_hal_dma.o(.text)
    HAL_DMA_UnRegisterCallback               0x08004e8d   Thumb Code    86  stm32f1xx_hal_dma.o(.text)
    HAL_DMA_GetState                         0x08004ee3   Thumb Code     6  stm32f1xx_hal_dma.o(.text)
    HAL_DMA_GetError                         0x08004ee9   Thumb Code     4  stm32f1xx_hal_dma.o(.text)
    HAL_NVIC_SetPriorityGrouping             0x08004f21   Thumb Code    30  stm32f1xx_hal_cortex.o(.text)
    HAL_NVIC_SetPriority                     0x08004f3f   Thumb Code    98  stm32f1xx_hal_cortex.o(.text)
    HAL_NVIC_EnableIRQ                       0x08004fa1   Thumb Code    28  stm32f1xx_hal_cortex.o(.text)
    HAL_NVIC_DisableIRQ                      0x08004fbd   Thumb Code    36  stm32f1xx_hal_cortex.o(.text)
    HAL_NVIC_SystemReset                     0x08004fe1   Thumb Code    26  stm32f1xx_hal_cortex.o(.text)
    HAL_SYSTICK_Config                       0x08004ffb   Thumb Code    36  stm32f1xx_hal_cortex.o(.text)
    HAL_NVIC_GetPriorityGrouping             0x0800501f   Thumb Code    10  stm32f1xx_hal_cortex.o(.text)
    HAL_NVIC_GetPriority                     0x08005029   Thumb Code    94  stm32f1xx_hal_cortex.o(.text)
    HAL_NVIC_SetPendingIRQ                   0x08005087   Thumb Code    28  stm32f1xx_hal_cortex.o(.text)
    HAL_NVIC_GetPendingIRQ                   0x080050a3   Thumb Code    42  stm32f1xx_hal_cortex.o(.text)
    HAL_NVIC_ClearPendingIRQ                 0x080050cd   Thumb Code    28  stm32f1xx_hal_cortex.o(.text)
    HAL_NVIC_GetActive                       0x080050e9   Thumb Code    42  stm32f1xx_hal_cortex.o(.text)
    HAL_SYSTICK_CLKSourceConfig              0x08005113   Thumb Code    28  stm32f1xx_hal_cortex.o(.text)
    HAL_SYSTICK_Callback                     0x0800512f   Thumb Code     2  stm32f1xx_hal_cortex.o(.text)
    HAL_SYSTICK_IRQHandler                   0x08005131   Thumb Code     8  stm32f1xx_hal_cortex.o(.text)
    HAL_SPI_Init                             0x08005147   Thumb Code   180  stm32f1xx_hal_spi.o(.text)
    HAL_SPI_DeInit                           0x080051fd   Thumb Code    48  stm32f1xx_hal_spi.o(.text)
    HAL_SPI_Transmit                         0x08005343   Thumb Code   430  stm32f1xx_hal_spi.o(.text)
    HAL_SPI_TransmitReceive                  0x08005561   Thumb Code   542  stm32f1xx_hal_spi.o(.text)
    HAL_SPI_Receive                          0x0800577f   Thumb Code   376  stm32f1xx_hal_spi.o(.text)
    HAL_SPI_TxCpltCallback                   0x080058f7   Thumb Code     2  stm32f1xx_hal_spi.o(.text)
    HAL_SPI_ErrorCallback                    0x080058f9   Thumb Code     2  stm32f1xx_hal_spi.o(.text)
    HAL_SPI_Transmit_IT                      0x080059b9   Thumb Code   142  stm32f1xx_hal_spi.o(.text)
    HAL_SPI_RxCpltCallback                   0x08005a47   Thumb Code     2  stm32f1xx_hal_spi.o(.text)
    HAL_SPI_TxRxCpltCallback                 0x08005ad1   Thumb Code     2  stm32f1xx_hal_spi.o(.text)
    HAL_SPI_TransmitReceive_IT               0x08005c29   Thumb Code   170  stm32f1xx_hal_spi.o(.text)
    HAL_SPI_Receive_IT                       0x08005cd3   Thumb Code   210  stm32f1xx_hal_spi.o(.text)
    HAL_SPI_TxHalfCpltCallback               0x08005e2d   Thumb Code     2  stm32f1xx_hal_spi.o(.text)
    HAL_SPI_Transmit_DMA                     0x08005e39   Thumb Code   200  stm32f1xx_hal_spi.o(.text)
    HAL_SPI_RxHalfCpltCallback               0x08005f6f   Thumb Code     2  stm32f1xx_hal_spi.o(.text)
    HAL_SPI_TxRxHalfCpltCallback             0x08005fd7   Thumb Code     2  stm32f1xx_hal_spi.o(.text)
    HAL_SPI_TransmitReceive_DMA              0x08005fe3   Thumb Code   292  stm32f1xx_hal_spi.o(.text)
    HAL_SPI_Receive_DMA                      0x08006107   Thumb Code   270  stm32f1xx_hal_spi.o(.text)
    HAL_SPI_Abort                            0x08006289   Thumb Code   290  stm32f1xx_hal_spi.o(.text)
    HAL_SPI_AbortCpltCallback                0x080063ab   Thumb Code     2  stm32f1xx_hal_spi.o(.text)
    HAL_SPI_Abort_IT                         0x08006481   Thumb Code   328  stm32f1xx_hal_spi.o(.text)
    HAL_SPI_DMAPause                         0x080065c9   Thumb Code    38  stm32f1xx_hal_spi.o(.text)
    HAL_SPI_DMAResume                        0x080065ef   Thumb Code    38  stm32f1xx_hal_spi.o(.text)
    HAL_SPI_DMAStop                          0x08006615   Thumb Code    68  stm32f1xx_hal_spi.o(.text)
    HAL_SPI_IRQHandler                       0x08006669   Thumb Code   250  stm32f1xx_hal_spi.o(.text)
    HAL_SPI_GetState                         0x08006763   Thumb Code     6  stm32f1xx_hal_spi.o(.text)
    HAL_SPI_GetError                         0x08006769   Thumb Code     4  stm32f1xx_hal_spi.o(.text)
    HAL_UART_Init                            0x08006835   Thumb Code   102  stm32f1xx_hal_uart.o(.text)
    HAL_HalfDuplex_Init                      0x0800689b   Thumb Code   112  stm32f1xx_hal_uart.o(.text)
    HAL_LIN_Init                             0x0800690b   Thumb Code   132  stm32f1xx_hal_uart.o(.text)
    HAL_MultiProcessor_Init                  0x0800698f   Thumb Code   148  stm32f1xx_hal_uart.o(.text)
    HAL_UART_DeInit                          0x08006a25   Thumb Code    56  stm32f1xx_hal_uart.o(.text)
    HAL_UART_Transmit                        0x08006b39   Thumb Code   190  stm32f1xx_hal_uart.o(.text)
    HAL_UART_Receive                         0x08006bf7   Thumb Code   188  stm32f1xx_hal_uart.o(.text)
    HAL_UART_Transmit_IT                     0x08006cb3   Thumb Code    50  stm32f1xx_hal_uart.o(.text)
    UART_Start_Receive_IT                    0x08006ce5   Thumb Code    56  stm32f1xx_hal_uart.o(.text)
    HAL_UART_Receive_IT                      0x08006d1d   Thumb Code    26  stm32f1xx_hal_uart.o(.text)
    HAL_UART_ErrorCallback                   0x08006d37   Thumb Code     2  stm32f1xx_hal_uart.o(.text)
    HAL_UART_TxHalfCpltCallback              0x08006d9f   Thumb Code     2  stm32f1xx_hal_uart.o(.text)
    HAL_UART_TxCpltCallback                  0x08006dab   Thumb Code     2  stm32f1xx_hal_uart.o(.text)
    HAL_UART_Transmit_DMA                    0x08006df1   Thumb Code   134  stm32f1xx_hal_uart.o(.text)
    HAL_UART_RxHalfCpltCallback              0x08006e77   Thumb Code     2  stm32f1xx_hal_uart.o(.text)
    HAL_UARTEx_RxEventCallback               0x08006e79   Thumb Code     2  stm32f1xx_hal_uart.o(.text)
    HAL_UART_RxCpltCallback                  0x08006e99   Thumb Code     2  stm32f1xx_hal_uart.o(.text)
    UART_Start_Receive_DMA                   0x08006f2b   Thumb Code   146  stm32f1xx_hal_uart.o(.text)
    HAL_UART_Receive_DMA                     0x08006fbd   Thumb Code    26  stm32f1xx_hal_uart.o(.text)
    HAL_UART_DMAPause                        0x08006fd7   Thumb Code   120  stm32f1xx_hal_uart.o(.text)
    HAL_UART_DMAResume                       0x0800704f   Thumb Code   116  stm32f1xx_hal_uart.o(.text)
    HAL_UART_DMAStop                         0x080070c3   Thumb Code   112  stm32f1xx_hal_uart.o(.text)
    HAL_UARTEx_ReceiveToIdle                 0x08007133   Thumb Code   288  stm32f1xx_hal_uart.o(.text)
    HAL_UARTEx_ReceiveToIdle_IT              0x08007253   Thumb Code    92  stm32f1xx_hal_uart.o(.text)
    HAL_UARTEx_ReceiveToIdle_DMA             0x080072af   Thumb Code    82  stm32f1xx_hal_uart.o(.text)
    HAL_UARTEx_GetRxEventType                0x08007301   Thumb Code     4  stm32f1xx_hal_uart.o(.text)
    HAL_UART_Abort                           0x08007305   Thumb Code   220  stm32f1xx_hal_uart.o(.text)
    HAL_UART_AbortTransmit                   0x080073e1   Thumb Code   100  stm32f1xx_hal_uart.o(.text)
    HAL_UART_AbortReceive                    0x08007445   Thumb Code   150  stm32f1xx_hal_uart.o(.text)
    HAL_UART_AbortCpltCallback               0x080074db   Thumb Code     2  stm32f1xx_hal_uart.o(.text)
    HAL_UART_Abort_IT                        0x08007539   Thumb Code   248  stm32f1xx_hal_uart.o(.text)
    HAL_UART_AbortTransmitCpltCallback       0x08007631   Thumb Code     2  stm32f1xx_hal_uart.o(.text)
    HAL_UART_AbortTransmit_IT                0x08007647   Thumb Code   114  stm32f1xx_hal_uart.o(.text)
    HAL_UART_AbortReceiveCpltCallback        0x080076b9   Thumb Code     2  stm32f1xx_hal_uart.o(.text)
    HAL_UART_AbortReceive_IT                 0x080076d1   Thumb Code   166  stm32f1xx_hal_uart.o(.text)
    HAL_UART_IRQHandler                      0x080078c9   Thumb Code   624  stm32f1xx_hal_uart.o(.text)
    HAL_LIN_SendBreak                        0x08007b39   Thumb Code    60  stm32f1xx_hal_uart.o(.text)
    HAL_MultiProcessor_EnterMuteMode         0x08007b75   Thumb Code    62  stm32f1xx_hal_uart.o(.text)
    HAL_MultiProcessor_ExitMuteMode          0x08007bb3   Thumb Code    62  stm32f1xx_hal_uart.o(.text)
    HAL_HalfDuplex_EnableTransmitter         0x08007bf1   Thumb Code    54  stm32f1xx_hal_uart.o(.text)
    HAL_HalfDuplex_EnableReceiver            0x08007c27   Thumb Code    54  stm32f1xx_hal_uart.o(.text)
    HAL_UART_GetState                        0x08007c5d   Thumb Code    12  stm32f1xx_hal_uart.o(.text)
    HAL_UART_GetError                        0x08007c69   Thumb Code     4  stm32f1xx_hal_uart.o(.text)
    W25Q64_WriteEnable                       0x08007c71   Thumb Code    32  w25q64.o(.text)
    W25Q64_ReadStatus1                       0x08007c91   Thumb Code    50  w25q64.o(.text)
    W25Q64_WaitBusy                          0x08007cc3   Thumb Code    12  w25q64.o(.text)
    W25Q64_ReadID                            0x08007ccf   Thumb Code    66  w25q64.o(.text)
    W25Q64_ReadData                          0x08007d11   Thumb Code    66  w25q64.o(.text)
    W25Q64_PageProgram                       0x08007d53   Thumb Code    86  w25q64.o(.text)
    W25Q64_SectorErase                       0x08007da9   Thumb Code    58  w25q64.o(.text)
    W25Q64_ChipErase                         0x08007de3   Thumb Code    40  w25q64.o(.text)
    USBD_Init                                0x08007e29   Thumb Code    44  usbd_core.o(.text)
    USBD_DeInit                              0x08007e55   Thumb Code    38  usbd_core.o(.text)
    USBD_RegisterClass                       0x08007e7b   Thumb Code    18  usbd_core.o(.text)
    USBD_Start                               0x08007e8d   Thumb Code    10  usbd_core.o(.text)
    USBD_Stop                                0x08007e97   Thumb Code    26  usbd_core.o(.text)
    USBD_RunTestMode                         0x08007eb1   Thumb Code     4  usbd_core.o(.text)
    USBD_SetClassConfig                      0x08007eb5   Thumb Code    24  usbd_core.o(.text)
    USBD_ClrClassConfig                      0x08007ecd   Thumb Code    14  usbd_core.o(.text)
    USBD_LL_SetupStage                       0x08007edb   Thumb Code    94  usbd_core.o(.text)
    USBD_LL_DataOutStage                     0x08007f39   Thumb Code   138  usbd_core.o(.text)
    USBD_LL_DataInStage                      0x08007fc3   Thumb Code   214  usbd_core.o(.text)
    USBD_LL_Reset                            0x08008099   Thumb Code    82  usbd_core.o(.text)
    USBD_LL_SetSpeed                         0x080080eb   Thumb Code     6  usbd_core.o(.text)
    USBD_LL_Suspend                          0x080080f1   Thumb Code    18  usbd_core.o(.text)
    USBD_LL_Resume                           0x08008103   Thumb Code    20  usbd_core.o(.text)
    USBD_LL_SOF                              0x08008117   Thumb Code    24  usbd_core.o(.text)
    USBD_LL_IsoINIncomplete                  0x0800812f   Thumb Code     4  usbd_core.o(.text)
    USBD_LL_IsoOUTIncomplete                 0x08008133   Thumb Code     4  usbd_core.o(.text)
    USBD_LL_DevConnected                     0x08008137   Thumb Code     4  usbd_core.o(.text)
    USBD_LL_DevDisconnected                  0x0800813b   Thumb Code    22  usbd_core.o(.text)
    USBD_CtlError                            0x08008151   Thumb Code    24  usbd_ctlreq.o(.text)
    USBD_StdDevReq                           0x080084bd   Thumb Code   128  usbd_ctlreq.o(.text)
    USBD_StdItfReq                           0x0800853d   Thumb Code   106  usbd_ctlreq.o(.text)
    USBD_StdEPReq                            0x080085a7   Thumb Code   502  usbd_ctlreq.o(.text)
    USBD_ParseSetupRequest                   0x0800879d   Thumb Code    40  usbd_ctlreq.o(.text)
    USBD_GetString                           0x080087dd   Thumb Code    68  usbd_ctlreq.o(.text)
    USBD_CtlSendData                         0x08008821   Thumb Code    26  usbd_ioreq.o(.text)
    USBD_CtlContinueSendData                 0x0800883b   Thumb Code    16  usbd_ioreq.o(.text)
    USBD_CtlPrepareRx                        0x0800884b   Thumb Code    30  usbd_ioreq.o(.text)
    USBD_CtlContinueRx                       0x08008869   Thumb Code    16  usbd_ioreq.o(.text)
    USBD_CtlSendStatus                       0x08008879   Thumb Code    22  usbd_ioreq.o(.text)
    USBD_CtlReceiveStatus                    0x0800888f   Thumb Code    22  usbd_ioreq.o(.text)
    USBD_GetRxCount                          0x080088a5   Thumb Code     4  usbd_ioreq.o(.text)
    USBD_MSC_Init                            0x080088a9   Thumb Code   106  usbd_msc.o(.text)
    USBD_MSC_DeInit                          0x08008913   Thumb Code    52  usbd_msc.o(.text)
    USBD_MSC_Setup                           0x08008947   Thumb Code   414  usbd_msc.o(.text)
    USBD_MSC_DataIn                          0x08008ae5   Thumb Code    10  usbd_msc.o(.text)
    USBD_MSC_DataOut                         0x08008aef   Thumb Code    10  usbd_msc.o(.text)
    USBD_MSC_GetHSCfgDesc                    0x08008af9   Thumb Code     8  usbd_msc.o(.text)
    USBD_MSC_GetFSCfgDesc                    0x08008b01   Thumb Code     8  usbd_msc.o(.text)
    USBD_MSC_GetOtherSpeedCfgDesc            0x08008b09   Thumb Code     8  usbd_msc.o(.text)
    USBD_MSC_GetDeviceQualifierDescriptor    0x08008b11   Thumb Code     8  usbd_msc.o(.text)
    USBD_MSC_RegisterStorage                 0x08008b19   Thumb Code    12  usbd_msc.o(.text)
    MSC_BOT_Init                             0x08008b35   Thumb Code    66  usbd_msc_bot.o(.text)
    MSC_BOT_Reset                            0x08008b77   Thumb Code    24  usbd_msc_bot.o(.text)
    MSC_BOT_DeInit                           0x08008b8f   Thumb Code    10  usbd_msc_bot.o(.text)
    MSC_BOT_SendCSW                          0x08008b99   Thumb Code    54  usbd_msc_bot.o(.text)
    MSC_BOT_DataIn                           0x08008bcf   Thumb Code    62  usbd_msc_bot.o(.text)
    MSC_BOT_DataOut                          0x08008d35   Thumb Code    56  usbd_msc_bot.o(.text)
    MSC_BOT_CplClrFeature                    0x08008d6d   Thumb Code    42  usbd_msc_bot.o(.text)
    SCSI_SenseCode                           0x08008da1   Thumb Code    52  usbd_msc_scsi.o(.text)
    SCSI_ProcessCmd                          0x0800935f   Thumb Code   150  usbd_msc_scsi.o(.text)
    disk_status                              0x08009401   Thumb Code    18  diskio.o(.text)
    disk_initialize                          0x08009413   Thumb Code    38  diskio.o(.text)
    disk_read                                0x08009439   Thumb Code    28  diskio.o(.text)
    disk_write                               0x08009455   Thumb Code    28  diskio.o(.text)
    disk_ioctl                               0x08009471   Thumb Code    22  diskio.o(.text)
    clust2sect                               0x080097cf   Thumb Code    30  ff.o(.text)
    get_fat                                  0x080097ed   Thumb Code   220  ff.o(.text)
    put_fat                                  0x080098c9   Thumb Code   272  ff.o(.text)
    f_mount                                  0x0800a5c7   Thumb Code    98  ff.o(.text)
    f_open                                   0x0800a629   Thumb Code   440  ff.o(.text)
    f_read                                   0x0800a7e1   Thumb Code   460  ff.o(.text)
    f_write                                  0x0800a9ad   Thumb Code   536  ff.o(.text)
    f_sync                                   0x0800abc5   Thumb Code   200  ff.o(.text)
    f_close                                  0x0800ac8d   Thumb Code    44  ff.o(.text)
    f_lseek                                  0x0800acb9   Thumb Code   782  ff.o(.text)
    f_opendir                                0x0800afc7   Thumb Code   154  ff.o(.text)
    f_closedir                               0x0800b061   Thumb Code    38  ff.o(.text)
    f_readdir                                0x0800b087   Thumb Code    94  ff.o(.text)
    f_stat                                   0x0800b0e5   Thumb Code    64  ff.o(.text)
    f_getfree                                0x0800b125   Thumb Code   240  ff.o(.text)
    f_truncate                               0x0800b215   Thumb Code   228  ff.o(.text)
    f_unlink                                 0x0800b2f9   Thumb Code   200  ff.o(.text)
    f_mkdir                                  0x0800b3c1   Thumb Code   356  ff.o(.text)
    f_chmod                                  0x0800b525   Thumb Code    90  ff.o(.text)
    f_rename                                 0x0800b57f   Thumb Code   308  ff.o(.text)
    f_utime                                  0x0800b6b3   Thumb Code    90  ff.o(.text)
    f_mkfs                                   0x0800b70d   Thumb Code  1452  ff.o(.text)
    f_gets                                   0x0800bcb9   Thumb Code    82  ff.o(.text)
    f_putc                                   0x0800bd53   Thumb Code    62  ff.o(.text)
    f_puts                                   0x0800bd91   Thumb Code    78  ff.o(.text)
    f_printf                                 0x0800bddf   Thumb Code   628  ff.o(.text)
    FATFS_LinkDriverEx                       0x0800c055   Thumb Code    66  ff_gen_drv.o(.text)
    FATFS_LinkDriver                         0x0800c097   Thumb Code     4  ff_gen_drv.o(.text)
    FATFS_UnLinkDriverEx                     0x0800c09b   Thumb Code    50  ff_gen_drv.o(.text)
    FATFS_UnLinkDriver                       0x0800c0cd   Thumb Code     4  ff_gen_drv.o(.text)
    FATFS_GetAttachedDriversNbr              0x0800c0d1   Thumb Code     6  ff_gen_drv.o(.text)
    __aeabi_llsr                             0x0800c0dd   Thumb Code    32  llushr.o(.text)
    _ll_ushift_r                             0x0800c0dd   Thumb Code     0  llushr.o(.text)
    __aeabi_memset                           0x0800c0fd   Thumb Code    14  memseta.o(.text)
    __aeabi_memset4                          0x0800c0fd   Thumb Code     0  memseta.o(.text)
    __aeabi_memset8                          0x0800c0fd   Thumb Code     0  memseta.o(.text)
    __aeabi_memclr                           0x0800c10b   Thumb Code     4  memseta.o(.text)
    __aeabi_memclr4                          0x0800c10b   Thumb Code     0  memseta.o(.text)
    __aeabi_memclr8                          0x0800c10b   Thumb Code     0  memseta.o(.text)
    _memset$wrapper                          0x0800c10f   Thumb Code    18  memseta.o(.text)
    __aeabi_uldivmod                         0x0800c121   Thumb Code    98  uldiv.o(.text)
    __aeabi_llsl                             0x0800c183   Thumb Code    30  llshl.o(.text)
    _ll_shift_l                              0x0800c183   Thumb Code     0  llshl.o(.text)
    __scatterload                            0x0800c1a1   Thumb Code    28  init.o(.text)
    __scatterload_rt2                        0x0800c1a1   Thumb Code     0  init.o(.text)
    __decompress                             0x0800c1c5   Thumb Code     0  __dczerorl2.o(.text)
    __decompress1                            0x0800c1c5   Thumb Code    86  __dczerorl2.o(.text)
    __0printf$5                              0x0800c21d   Thumb Code    22  printf5.o(i.__0printf$5)
    __1printf$5                              0x0800c21d   Thumb Code     0  printf5.o(i.__0printf$5)
    __2printf                                0x0800c21d   Thumb Code     0  printf5.o(i.__0printf$5)
    __0sprintf$5                             0x0800c23d   Thumb Code    34  printf5.o(i.__0sprintf$5)
    __1sprintf$5                             0x0800c23d   Thumb Code     0  printf5.o(i.__0sprintf$5)
    __2sprintf                               0x0800c23d   Thumb Code     0  printf5.o(i.__0sprintf$5)
    __scatterload_copy                       0x0800c265   Thumb Code    14  handlers.o(i.__scatterload_copy)
    __scatterload_null                       0x0800c273   Thumb Code     2  handlers.o(i.__scatterload_null)
    __scatterload_zeroinit                   0x0800c275   Thumb Code    14  handlers.o(i.__scatterload_zeroinit)
    STORAGE_Inquirydata_FS                   0x0800c54e   Data          36  usbd_storage_if.o(.constdata)
    AHBPrescTable                            0x0800c572   Data          16  system_stm32f1xx.o(.constdata)
    APBPrescTable                            0x0800c582   Data           8  system_stm32f1xx.o(.constdata)
    MSC_Page00_Inquiry_Data                  0x0800c5ae   Data           7  usbd_msc_data.o(.constdata)
    MSC_Mode_Sense6_data                     0x0800c5b5   Data           8  usbd_msc_data.o(.constdata)
    MSC_Mode_Sense10_data                    0x0800c5bd   Data           8  usbd_msc_data.o(.constdata)
    Region$$Table$$Base                      0x0800c674   Number         0  anon$$obj.o(Region$$Table)
    Region$$Table$$Limit                     0x0800c694   Number         0  anon$$obj.o(Region$$Table)
    mode                                     0x20000002   Data           2  main.o(.data)
    current_photo_id                         0x20000004   Data           4  main.o(.data)
    USER_Driver                              0x2000000c   Data          20  user_diskio.o(.data)
    retUSER                                  0x20000020   Data           1  fatfs.o(.data)
    USERPath                                 0x20000021   Data           4  fatfs.o(.data)
    FS_Desc                                  0x20000028   Data          28  usbd_desc.o(.data)
    USBD_LangIDDesc                          0x20000044   Data           4  usbd_desc.o(.data)
    USBD_FS_DeviceDesc                       0x20000048   Data          18  usbd_desc.o(.data)
    USBD_StringSerial                        0x2000005c   Data          26  usbd_desc.o(.data)
    USBD_Storage_Interface_fops_FS           0x20000078   Data          32  usbd_storage_if.o(.data)
    SystemCoreClock                          0x20000098   Data           4  system_stm32f1xx.o(.data)
    uwTickFreq                               0x2000009c   Data           1  stm32f1xx_hal.o(.data)
    uwTickPrio                               0x200000a0   Data           4  stm32f1xx_hal.o(.data)
    uwTick                                   0x200000a4   Data           4  stm32f1xx_hal.o(.data)
    USBD_MSC                                 0x200000ac   Data          56  usbd_msc.o(.data)
    USBD_MSC_CfgHSDesc                       0x200000e4   Data          32  usbd_msc.o(.data)
    USBD_MSC_CfgFSDesc                       0x20000104   Data          32  usbd_msc.o(.data)
    USBD_MSC_OtherSpeedCfgDesc               0x20000124   Data          32  usbd_msc.o(.data)
    USBD_MSC_DeviceQualifierDesc             0x20000144   Data          10  usbd_msc.o(.data)
    __stdout                                 0x20000158   Data           4  stdout.o(.data)
    img_buffer                               0x2000015c   Data        4096  main.o(.bss)
    hspi1                                    0x2000115c   Data          88  spi.o(.bss)
    hspi2                                    0x200011b4   Data          88  spi.o(.bss)
    huart1                                   0x2000120c   Data          72  usart.o(.bss)
    hUsbDeviceFS                             0x20001254   Data         708  usb_device.o(.bss)
    hpcd_USB_FS                              0x20001788   Data         728  usbd_conf.o(.bss)
    USBD_StrDesc                             0x20001a60   Data         512  usbd_desc.o(.bss)
    disk                                     0x20002c78   Data          12  ff_gen_drv.o(.bss)
    __initial_sp                             0x20003c88   Data           0  startup_stm32f103xe.o(STACK)



==============================================================================

Memory Map of the image

  Image Entry point : 0x08000131

  Load Region LR_IROM1 (Base: 0x08000000, Size: 0x0000c7f0, Max: 0x00080000, ABSOLUTE, COMPRESSED[0x0000c750])

    Execution Region ER_IROM1 (Exec base: 0x08000000, Load base: 0x08000000, Size: 0x0000c694, Max: 0x00080000, ABSOLUTE)

    Exec Addr    Load Addr    Size         Type   Attr      Idx    E Section Name        Object

    0x08000000   0x08000000   0x00000130   Data   RO            3    RESET               startup_stm32f103xe.o
    0x08000130   0x08000130   0x00000000   Code   RO         1608  * .ARM.Collect$$$$00000000  mc_w.l(entry.o)
    0x08000130   0x08000130   0x00000004   Code   RO         1916    .ARM.Collect$$$$00000001  mc_w.l(entry2.o)
    0x08000134   0x08000134   0x00000004   Code   RO         1919    .ARM.Collect$$$$00000004  mc_w.l(entry5.o)
    0x08000138   0x08000138   0x00000000   Code   RO         1921    .ARM.Collect$$$$00000008  mc_w.l(entry7b.o)
    0x08000138   0x08000138   0x00000000   Code   RO         1923    .ARM.Collect$$$$0000000A  mc_w.l(entry8b.o)
    0x08000138   0x08000138   0x00000008   Code   RO         1924    .ARM.Collect$$$$0000000B  mc_w.l(entry9a.o)
    0x08000140   0x08000140   0x00000004   Code   RO         1931    .ARM.Collect$$$$0000000E  mc_w.l(entry12b.o)
    0x08000144   0x08000144   0x00000000   Code   RO         1926    .ARM.Collect$$$$0000000F  mc_w.l(entry10a.o)
    0x08000144   0x08000144   0x00000000   Code   RO         1928    .ARM.Collect$$$$00000011  mc_w.l(entry11a.o)
    0x08000144   0x08000144   0x00000004   Code   RO         1917    .ARM.Collect$$$$00002712  mc_w.l(entry2.o)
    0x08000148   0x08000148   0x00000024   Code   RO            4    .text               startup_stm32f103xe.o
    0x0800016c   0x0800016c   0x00000520   Code   RO           13    .text               main.o
    0x0800068c   0x0800068c   0x000000f4   Code   RO          216    .text               gpio.o
    0x08000780   0x08000780   0x00000058   Code   RO          240    .text               user_diskio.o
    0x080007d8   0x080007d8   0x00000020   Code   RO          267    .text               fatfs.o
    0x080007f8   0x080007f8   0x00000160   Code   RO          299    .text               spi.o
    0x08000958   0x08000958   0x000000d8   Code   RO          329    .text               usart.o
    0x08000a30   0x08000a30   0x00000054   Code   RO          359    .text               usb_device.o
    0x08000a84   0x08000a84   0x000002a4   Code   RO          414    .text               usbd_conf.o
    0x08000d28   0x08000d28   0x0000010c   Code   RO          441    .text               usbd_desc.o
    0x08000e34   0x08000e34   0x00000090   Code   RO          486    .text               usbd_storage_if.o
    0x08000ec4   0x08000ec4   0x00000040   Code   RO          518    .text               stm32f1xx_it.o
    0x08000f04   0x08000f04   0x0000003c   Code   RO          546    .text               stm32f1xx_hal_msp.o
    0x08000f40   0x08000f40   0x000004b4   Code   RO          616    .text               epd_3in6e.o
    0x080013f4   0x080013f4   0x000001a0   Code   RO          646    .text               dev_config.o
    0x08001594   0x08001594   0x000000c4   Code   RO          812    .text               system_stm32f1xx.o
    0x08001658   0x08001658   0x00000ec4   Code   RO          868    .text               stm32f1xx_hal_pcd.o
    0x0800251c   0x0800251c   0x00000042   Code   RO          892    .text               stm32f1xx_hal_pcd_ex.o
    0x0800255e   0x0800255e   0x00000d40   Code   RO          916    .text               stm32f1xx_ll_usb.o
    0x0800329e   0x0800329e   0x00000002   PAD
    0x080032a0   0x080032a0   0x00000188   Code   RO          940    .text               stm32f1xx_hal.o
    0x08003428   0x08003428   0x000008a0   Code   RO          970    .text               stm32f1xx_hal_rcc.o
    0x08003cc8   0x08003cc8   0x0000023c   Code   RO          995    .text               stm32f1xx_hal_rcc_ex.o
    0x08003f04   0x08003f04   0x000003d4   Code   RO         1020    .text               stm32f1xx_hal_gpio.o
    0x080042d8   0x080042d8   0x00000c48   Code   RO         1044    .text               stm32f1xx_hal_dma.o
    0x08004f20   0x08004f20   0x00000224   Code   RO         1068    .text               stm32f1xx_hal_cortex.o
    0x08005144   0x08005144   0x0000162c   Code   RO         1196    .text               stm32f1xx_hal_spi.o
    0x08006770   0x08006770   0x00001500   Code   RO         1256    .text               stm32f1xx_hal_uart.o
    0x08007c70   0x08007c70   0x000001b8   Code   RO         1280    .text               w25q64.o
    0x08007e28   0x08007e28   0x00000328   Code   RO         1308    .text               usbd_core.o
    0x08008150   0x08008150   0x000006d0   Code   RO         1332    .text               usbd_ctlreq.o
    0x08008820   0x08008820   0x00000088   Code   RO         1357    .text               usbd_ioreq.o
    0x080088a8   0x080088a8   0x0000028c   Code   RO         1381    .text               usbd_msc.o
    0x08008b34   0x08008b34   0x0000026c   Code   RO         1412    .text               usbd_msc_bot.o
    0x08008da0   0x08008da0   0x00000660   Code   RO         1462    .text               usbd_msc_scsi.o
    0x08009400   0x08009400   0x00000090   Code   RO         1490    .text               diskio.o
    0x08009490   0x08009490   0x00002bc2   Code   RO         1515    .text               ff.o
    0x0800c052   0x0800c052   0x00000002   PAD
    0x0800c054   0x0800c054   0x00000088   Code   RO         1550    .text               ff_gen_drv.o
    0x0800c0dc   0x0800c0dc   0x00000020   Code   RO         1611    .text               mc_w.l(llushr.o)
    0x0800c0fc   0x0800c0fc   0x00000024   Code   RO         1613    .text               mc_w.l(memseta.o)
    0x0800c120   0x0800c120   0x00000062   Code   RO         1935    .text               mc_w.l(uldiv.o)
    0x0800c182   0x0800c182   0x0000001e   Code   RO         1937    .text               mc_w.l(llshl.o)
    0x0800c1a0   0x0800c1a0   0x00000024   Code   RO         1960    .text               mc_w.l(init.o)
    0x0800c1c4   0x0800c1c4   0x00000056   Code   RO         1970    .text               mc_w.l(__dczerorl2.o)
    0x0800c21a   0x0800c21a   0x00000002   PAD
    0x0800c21c   0x0800c21c   0x00000020   Code   RO         1748    i.__0printf$5       mc_w.l(printf5.o)
    0x0800c23c   0x0800c23c   0x00000028   Code   RO         1750    i.__0sprintf$5      mc_w.l(printf5.o)
    0x0800c264   0x0800c264   0x0000000e   Code   RO         1964    i.__scatterload_copy  mc_w.l(handlers.o)
    0x0800c272   0x0800c272   0x00000002   Code   RO         1965    i.__scatterload_null  mc_w.l(handlers.o)
    0x0800c274   0x0800c274   0x0000000e   Code   RO         1966    i.__scatterload_zeroinit  mc_w.l(handlers.o)
    0x0800c282   0x0800c282   0x00000002   PAD
    0x0800c284   0x0800c284   0x000002c0   Code   RO         1755    i._printf_core      mc_w.l(printf5.o)
    0x0800c544   0x0800c544   0x0000000a   Code   RO         1757    i._sputc            mc_w.l(printf5.o)
    0x0800c54e   0x0800c54e   0x00000024   Data   RO          488    .constdata          usbd_storage_if.o
    0x0800c572   0x0800c572   0x00000010   Data   RO          813    .constdata          system_stm32f1xx.o
    0x0800c582   0x0800c582   0x00000008   Data   RO          814    .constdata          system_stm32f1xx.o
    0x0800c58a   0x0800c58a   0x00000012   Data   RO          971    .constdata          stm32f1xx_hal_rcc.o
    0x0800c59c   0x0800c59c   0x00000012   Data   RO          996    .constdata          stm32f1xx_hal_rcc_ex.o
    0x0800c5ae   0x0800c5ae   0x00000007   Data   RO         1436    .constdata          usbd_msc_data.o
    0x0800c5b5   0x0800c5b5   0x00000008   Data   RO         1437    .constdata          usbd_msc_data.o
    0x0800c5bd   0x0800c5bd   0x00000008   Data   RO         1438    .constdata          usbd_msc_data.o
    0x0800c5c5   0x0800c5c5   0x00000001   PAD
    0x0800c5c6   0x0800c5c6   0x000000ac   Data   RO         1517    .constdata          ff.o
    0x0800c672   0x0800c672   0x00000002   PAD
    0x0800c674   0x0800c674   0x00000020   Data   RO         1962    Region$$Table       anon$$obj.o


    Execution Region RW_IRAM1 (Exec base: 0x20000000, Load base: 0x0800c694, Size: 0x00003c88, Max: 0x00010000, ABSOLUTE, COMPRESSED[0x000000bc])

    Exec Addr    Load Addr    Size         Type   Attr      Idx    E Section Name        Object

    0x20000000   COMPRESSED   0x0000000c   Data   RW           15    .data               main.o
    0x2000000c   COMPRESSED   0x00000014   Data   RW          241    .data               user_diskio.o
    0x20000020   COMPRESSED   0x00000005   Data   RW          270    .data               fatfs.o
    0x20000025   COMPRESSED   0x00000003   PAD
    0x20000028   COMPRESSED   0x0000001c   Data   RW          443    .data               usbd_desc.o
    0x20000044   COMPRESSED   0x00000032   Data   RW          444    .data               usbd_desc.o
    0x20000076   COMPRESSED   0x00000002   PAD
    0x20000078   COMPRESSED   0x00000020   Data   RW          489    .data               usbd_storage_if.o
    0x20000098   COMPRESSED   0x00000004   Data   RW          815    .data               system_stm32f1xx.o
    0x2000009c   COMPRESSED   0x0000000c   Data   RW          941    .data               stm32f1xx_hal.o
    0x200000a8   COMPRESSED   0x00000001   Data   RW         1333    .data               usbd_ctlreq.o
    0x200000a9   COMPRESSED   0x00000003   PAD
    0x200000ac   COMPRESSED   0x00000038   Data   RW         1382    .data               usbd_msc.o
    0x200000e4   COMPRESSED   0x0000006a   Data   RW         1383    .data               usbd_msc.o
    0x2000014e   COMPRESSED   0x00000002   PAD
    0x20000150   COMPRESSED   0x00000008   Data   RW         1518    .data               ff.o
    0x20000158   COMPRESSED   0x00000004   Data   RW         1932    .data               mc_w.l(stdout.o)
    0x2000015c        -       0x00001000   Zero   RW           14    .bss                main.o
    0x2000115c        -       0x000000b0   Zero   RW          300    .bss                spi.o
    0x2000120c        -       0x00000048   Zero   RW          330    .bss                usart.o
    0x20001254        -       0x000002c4   Zero   RW          360    .bss                usb_device.o
    0x20001518        -       0x00000548   Zero   RW          415    .bss                usbd_conf.o
    0x20001a60        -       0x00000200   Zero   RW          442    .bss                usbd_desc.o
    0x20001c60        -       0x00001000   Zero   RW          487    .bss                usbd_storage_if.o
    0x20002c60        -       0x00000018   Zero   RW         1516    .bss                ff.o
    0x20002c78        -       0x0000000c   Zero   RW         1551    .bss                ff_gen_drv.o
    0x20002c84   COMPRESSED   0x00000004   PAD
    0x20002c88        -       0x00001000   Zero   RW            1    STACK               startup_stm32f103xe.o


==============================================================================

Image component sizes


      Code (inc. data)   RO Data    RW Data    ZI Data      Debug   Object Name

       416         10          0          0          0       2407   dev_config.o
       144          6          0          0          0       2181   diskio.o
      1204         76          0          0          0       5131   epd_3in6e.o
        32         10          0          5          0       1218   fatfs.o
     11202        118        172          8         24      37900   ff.o
       136          6          0          0         12       1905   ff_gen_drv.o
       244         20          0          0          0        991   gpio.o
      1312        640          0         12       4096     488110   main.o
       352         26          0          0        176       1872   spi.o
        36          8        304          0       4096        808   startup_stm32f103xe.o
       392         38          0         12          0       7713   stm32f1xx_hal.o
       548         12          0          0          0      30734   stm32f1xx_hal_cortex.o
      3144        164          0          0          0       7141   stm32f1xx_hal_dma.o
       980         26          0          0          0       4415   stm32f1xx_hal_gpio.o
        60          8          0          0          0        866   stm32f1xx_hal_msp.o
      3780          6          0          0          0      15364   stm32f1xx_hal_pcd.o
        66          0          0          0          0       1733   stm32f1xx_hal_pcd_ex.o
      2208         78         18          0          0       6515   stm32f1xx_hal_rcc.o
       572         34         18          0          0       2612   stm32f1xx_hal_rcc_ex.o
      5676        110          0          0          0      19777   stm32f1xx_hal_spi.o
      5376         46          0          0          0      22580   stm32f1xx_hal_uart.o
        64         26          0          0          0       1503   stm32f1xx_it.o
      3392          0          0          0          0      15425   stm32f1xx_ll_usb.o
       196         28         24          4          0       1565   system_stm32f1xx.o
       216         18          0          0         72       1805   usart.o
        84         18          0          0        708       6021   usb_device.o
       676         22          0          0       1352       8479   usbd_conf.o
       808          0          0          0          0       5989   usbd_core.o
      1744         30          0          1          0       6114   usbd_ctlreq.o
       268         82          0         78        512       3525   usbd_desc.o
       136          0          0          0          0       2482   usbd_ioreq.o
       652         16          0        162          0       5666   usbd_msc.o
       620         10          0          0          0       4013   usbd_msc_bot.o
         0          0         23          0          0        905   usbd_msc_data.o
      1632         12          0          0          0       7437   usbd_msc_scsi.o
       144          6         36         32       4096       2663   usbd_storage_if.o
        88          6          0         20          0       2148   user_diskio.o
       440          8          0          0          0       2661   w25q64.o

    ----------------------------------------------------------------------
     49044       1724        630        344      15148     740374   Object Totals
         0          0         32          0          0          0   (incl. Generated)
         4          0          3         10          4          0   (incl. Padding)

    ----------------------------------------------------------------------

      Code (inc. data)   RO Data    RW Data    ZI Data      Debug   Library Member Name

        86          0          0          0          0          0   __dczerorl2.o
         0          0          0          0          0          0   entry.o
         0          0          0          0          0          0   entry10a.o
         0          0          0          0          0          0   entry11a.o
         4          0          0          0          0          0   entry12b.o
         8          4          0          0          0          0   entry2.o
         4          0          0          0          0          0   entry5.o
         0          0          0          0          0          0   entry7b.o
         0          0          0          0          0          0   entry8b.o
         8          4          0          0          0          0   entry9a.o
        30          0          0          0          0          0   handlers.o
        36          8          0          0          0         68   init.o
        30          0          0          0          0         68   llshl.o
        32          0          0          0          0         68   llushr.o
        36          0          0          0          0        108   memseta.o
       786         60          0          0          0        336   printf5.o
         0          0          0          4          0          0   stdout.o
        98          0          0          0          0         92   uldiv.o

    ----------------------------------------------------------------------
      1162         76          0          4          0        740   Library Totals
         4          0          0          0          0          0   (incl. Padding)

    ----------------------------------------------------------------------

      Code (inc. data)   RO Data    RW Data    ZI Data      Debug   Library Name

      1158         76          0          4          0        740   mc_w.l

    ----------------------------------------------------------------------
      1162         76          0          4          0        740   Library Totals

    ----------------------------------------------------------------------

==============================================================================


      Code (inc. data)   RO Data    RW Data    ZI Data      Debug   

     50206       1800        630        348      15148     737602   Grand Totals
     50206       1800        630        188      15148     737602   ELF Image Totals (compressed)
     50206       1800        630        188          0          0   ROM Totals

==============================================================================

    Total RO  Size (Code + RO Data)                50836 (  49.64kB)
    Total RW  Size (RW Data + ZI Data)             15496 (  15.13kB)
    Total ROM Size (Code + RO Data + RW Data)      51024 (  49.83kB)

==============================================================================

