<html>
<body>
<pre>
<h1>µVision Build Log</h1>
<h2>Tool Versions:</h2>
IDE-Version: ¦ÌVision V5.37.0.0
Copyright (C) 2022 ARM Ltd and ARM Germany GmbH. All rights reserved.
License Information: pupy dodo, hit, LIC=QF82M-XRIMG-74RS0-BN3PS-2QW64-IB0SM
 
Tool Versions:
Toolchain:       MDK-ARM Plus  Version: 5.37.0.0
Toolchain Path:  D:\Program File\MDK-ARMV537\ARM\ARMCC\Bin
C Compiler:      Armcc.exe V5.06 update 7 (build 960)
Assembler:       Armasm.exe V5.06 update 7 (build 960)
Linker/Locator:  ArmLink.exe V5.06 update 7 (build 960)
Library Manager: ArmAr.exe V5.06 update 7 (build 960)
Hex Converter:   FromElf.exe V5.06 update 7 (build 960)
CPU DLL:         SARMCM3.DLL V5.37.0.0
Dialog DLL:      DCM.DLL V1.17.5.0
Target DLL:      CMSIS_AGDI.dll V1.33.12.0
Dialog DLL:      TCM.DLL V1.56.1.0
 
<h2>Project:</h2>
D:\Project\Í¨ÐÐÖ¤\Arknights-Passport-ePaper\stm32F103ZET6\MDK-ARM\epd-demo.uvprojx
Project File Date:  01/28/2026

<h2>Output:</h2>
*** Using Compiler 'V5.06 update 7 (build 960)', folder: 'D:\Program File\MDK-ARMV537\ARM\ARMCC\Bin'
Rebuild target 'epd-demo'
assembling startup_stm32f103xe.s...
compiling user_diskio.c...
compiling usbd_desc.c...
compiling stm32f1xx_it.c...
compiling usb_device.c...
compiling fatfs.c...
compiling usart.c...
compiling main.c...
compiling usbd_storage_if.c...
compiling gpio.c...
compiling spi.c...
compiling usbd_conf.c...
compiling ImageData.c...
compiling font8.c...
compiling font12.c...
compiling font12CN.c...
compiling font16.c...
compiling stm32f1xx_hal_msp.c...
compiling font20.c...
compiling EPD_3in6e_test.c...
compiling font24.c...
compiling font24CN.c...
compiling EPD_3in6e.c...
compiling DEV_Config.c...
compiling GUI_Paint.c...
compiling system_stm32f1xx.c...
compiling stm32f1xx_hal_gpio_ex.c...
compiling stm32f1xx_hal_pcd.c...
compiling stm32f1xx_hal_pcd_ex.c...
compiling stm32f1xx_hal.c...
compiling stm32f1xx_ll_usb.c...
compiling stm32f1xx_hal_rcc_ex.c...
compiling stm32f1xx_hal_cortex.c...
compiling stm32f1xx_hal_gpio.c...
compiling stm32f1xx_hal_rcc.c...
compiling stm32f1xx_hal_pwr.c...
compiling stm32f1xx_hal_dma.c...
compiling stm32f1xx_hal_flash.c...
compiling stm32f1xx_hal_flash_ex.c...
compiling stm32f1xx_hal_exti.c...
compiling stm32f1xx_hal_tim.c...
compiling stm32f1xx_hal_spi.c...
compiling stm32f1xx_hal_tim_ex.c...
compiling w25q64.c...
compiling usbd_core.c...
compiling usbd_ctlreq.c...
compiling usbd_ioreq.c...
compiling usbd_msc.c...
compiling stm32f1xx_hal_uart.c...
compiling usbd_msc_data.c...
compiling usbd_msc_bot.c...
compiling usbd_msc_scsi.c...
compiling diskio.c...
compiling ff_gen_drv.c...
compiling ff.c...
compiling syscall.c...
linking...
Program Size: Code=50210 RO-data=630 RW-data=348 ZI-data=15148  
FromELF: creating hex file...
"epd-demo\epd-demo.axf" - 0 Error(s), 0 Warning(s).

<h2>Software Packages used:</h2>

Package Vendor: ARM
                http://www.keil.com/pack/ARM.CMSIS.5.9.0.pack
                ARM.CMSIS.5.9.0
                CMSIS (Common Microcontroller Software Interface Standard)
   * Component: CORE Version: 5.6.0

Package Vendor: Keil
                https://www.keil.com/pack/Keil.STM32F1xx_DFP.2.4.1.pack
                Keil.STM32F1xx_DFP.2.4.1
                STMicroelectronics STM32F1 Series Device Support, Drivers and Examples

<h2>Collection of Component include folders:</h2>
  ./RTE/_epd-demo
  D:/Program File/MDK-ARM-PACK/ARM/CMSIS/5.9.0/CMSIS/Core/Include
  D:/Program File/MDK-ARM-PACK/Keil/STM32F1xx_DFP/2.4.1/Device/Include

<h2>Collection of Component Files used:</h2>

   * Component: ARM::CMSIS:CORE:5.6.0
Build Time Elapsed:  00:00:14
</pre>
</body>
</html>
